******************************************************************************
                  TI ARM Linker PC v20.2.5                     
******************************************************************************
>> Linked Fri Feb 18 07:20:47 2022

OUTPUT FILE NAME:   <Ex2.out>
ENTRY POINT SYMBOL: "_c_int00_noinit_noargs"  address: 0000075d


MEMORY CONFIGURATION

         name            origin    length      used     unused   attr    fill
----------------------  --------  ---------  --------  --------  ----  --------
  FLASH                 00000000   00040000  00000950  0003f6b0  R  X
  SRAM                  20000000   00008000  00000200  00007e00  RW X


SEGMENT ALLOCATION MAP

run origin  load origin   length   init length attrs members
----------  ----------- ---------- ----------- ----- -------
00000000    00000000    00000950   00000950    r-x
  00000000    00000000    0000026c   0000026c    r-- .intvecs
  0000026c    0000026c    000005e8   000005e8    r-x .text
  00000854    00000854    000000fc   000000fc    r-- .const
20000000    20000000    00000200   00000000    rw-
  20000000    20000000    00000200   00000000    rw- .stack


SECTION ALLOCATION MAP

 output                                  attributes/
section   page    origin      length       input sections
--------  ----  ----------  ----------   ----------------
.intvecs   0    00000000    0000026c     
                  00000000    0000026c     tm4c123gh6pm_startup_ccs.obj (.intvecs)

.text      0    0000026c    000005e8     
                  0000026c    00000132     driverlib.lib : gpio.obj (.text:GPIOPadConfigSet)
                  0000039e    00000002     --HOLE-- [fill = 0]
                  000003a0    00000110                   : sysctl.obj (.text:SysCtlClockGet)
                  000004b0    000000f4                   : sysctl.obj (.text:SysCtlClockSet)
                  000005a4    00000060     GPIO.obj (.text)
                  00000604    0000004c     main.obj (.text)
                  00000650    00000048     driverlib.lib : gpio.obj (.text:GPIOPinConfigure)
                  00000698    00000048     UART.obj (.text)
                  000006e0    00000046     driverlib.lib : uart.obj (.text:UARTConfigSetExpClk)
                  00000726    00000002     --HOLE-- [fill = 0]
                  00000728    00000034                   : sysctl.obj (.text:SysCtlPeripheralEnable)
                  0000075c    0000002c     rtsv7M4_T_le_v4SPD16_eabi.lib : boot_cortex_m.c.obj (.text:_c_int00_noinit_noargs:_c_int00_noinit_noargs)
                  00000788    0000002a     driverlib.lib : gpio.obj (.text:GPIODirModeSet)
                  000007b2    00000002     --HOLE-- [fill = 0]
                  000007b4    00000020                   : uart.obj (.text:UARTDisable)
                  000007d4    00000018                   : gpio.obj (.text:GPIOPinTypeGPIOOutput)
                  000007ec    00000014                   : uart.obj (.text:UARTEnable)
                  00000800    00000012                   : gpio.obj (.text:GPIOPinTypeGPIOInput)
                  00000812    00000012                   : gpio.obj (.text:GPIOPinTypeUART)
                  00000824    0000000c     tm4c123gh6pm_startup_ccs.obj (.text)
                  00000830    0000000a     driverlib.lib : uart.obj (.text:UARTCharPut)
                  0000083a    00000006                   : gpio.obj (.text:GPIOPinRead)
                  00000840    00000006                   : gpio.obj (.text:GPIOPinWrite)
                  00000846    00000006                   : sysctl.obj (.text:SysCtlDelay)
                  0000084c    00000004     rtsv7M4_T_le_v4SPD16_eabi.lib : pre_init.c.obj (.text:_system_pre_init)
                  00000850    00000004                                   : exit.c.obj (.text:abort:abort)

.const     0    00000854    000000fc     
                  00000854    00000090     driverlib.lib : gpio.obj (.const:g_pui32GPIOBaseAddrs)
                  000008e4    0000006c                   : sysctl.obj (.const:g_pui32Xtals)

.cinit     0    00000000    00000000     UNINITIALIZED

.init_array 
*          0    00000000    00000000     UNINITIALIZED

.stack     0    20000000    00000200     UNINITIALIZED
                  20000000    00000004     rtsv7M4_T_le_v4SPD16_eabi.lib : boot_cortex_m.c.obj (.stack)
                  20000004    000001fc     --HOLE--

__llvm_prf_cnts 
*          0    20000000    00000000     UNINITIALIZED

MODULE SUMMARY

       Module                         code   ro data   rw data
       ------                         ----   -------   -------
    .\
       tm4c123gh6pm_startup_ccs.obj   12     620       0      
       main.obj                       76     0         0      
    +--+------------------------------+------+---------+---------+
       Total:                         88     620       0      
                                                              
    .\GPIO\
       GPIO.obj                       96     0         0      
    +--+------------------------------+------+---------+---------+
       Total:                         96     0         0      
                                                              
    .\UART\
       UART.obj                       72     0         0      
    +--+------------------------------+------+---------+---------+
       Total:                         72     0         0      
                                                              
    C:/ti/TivaWare_C_Series-2.1.2.111/driverlib/ccs/Debug/driverlib.lib
       sysctl.obj                     574    108       0      
       gpio.obj                       492    144       0      
       uart.obj                       132    0         0      
    +--+------------------------------+------+---------+---------+
       Total:                         1198   252       0      
                                                              
    C:\ti\ccs1040\ccs\tools\compiler\ti-cgt-arm_20.2.5.LTS\lib\rtsv7M4_T_le_v4SPD16_eabi.lib
       boot_cortex_m.c.obj            44     0         0      
       exit.c.obj                     4      0         0      
       pre_init.c.obj                 4      0         0      
    +--+------------------------------+------+---------+---------+
       Total:                         52     0         0      
                                                              
       Stack:                         0      0         512    
    +--+------------------------------+------+---------+---------+
       Grand Total:                   1506   872       512    


GLOBAL SYMBOLS: SORTED ALPHABETICALLY BY Name 

address   name                   
-------   ----                   
00000851  C$$EXIT                
000005a5  Config_Led             
000005c1  Config_SW              
00000699  Config_UART            
00000789  GPIODirModeSet         
0000026d  GPIOPadConfigSet       
00000651  GPIOPinConfigure       
0000083b  GPIOPinRead            
00000801  GPIOPinTypeGPIOInput   
000007d5  GPIOPinTypeGPIOOutput  
00000813  GPIOPinTypeUART        
00000841  GPIOPinWrite           
00000825  ResetISR               
000003a1  SysCtlClockGet         
000004b1  SysCtlClockSet         
00000847  SysCtlDelay            
00000729  SysCtlPeripheralEnable 
00000831  UARTCharPut            
000006e1  UARTConfigSetExpClk    
000007b5  UARTDisable            
000007ed  UARTEnable             
20000200  __STACK_END            
00000200  __STACK_SIZE           
20000200  __STACK_TOP            
ffffffff  __TI_pprof_out_hndl    
ffffffff  __TI_prof_data_size    
ffffffff  __TI_prof_data_start   
00000000  __TI_static_base__     
ffffffff  __binit__              
ffffffff  __c_args__             
UNDEFED   __mpu_init             
20000000  __stack                
20000000  __start___llvm_prf_cnts
20000000  __stop___llvm_prf_cnts 
0000075d  _c_int00_noinit_noargs 
0000084d  _system_pre_init       
00000851  abort                  
ffffffff  binit                  
00000000  g_pfnVectors           
00000605  main                   


GLOBAL SYMBOLS: SORTED BY Symbol Address 

address   name                   
-------   ----                   
00000000  __TI_static_base__     
00000000  g_pfnVectors           
00000200  __STACK_SIZE           
0000026d  GPIOPadConfigSet       
000003a1  SysCtlClockGet         
000004b1  SysCtlClockSet         
000005a5  Config_Led             
000005c1  Config_SW              
00000605  main                   
00000651  GPIOPinConfigure       
00000699  Config_UART            
000006e1  UARTConfigSetExpClk    
00000729  SysCtlPeripheralEnable 
0000075d  _c_int00_noinit_noargs 
00000789  GPIODirModeSet         
000007b5  UARTDisable            
000007d5  GPIOPinTypeGPIOOutput  
000007ed  UARTEnable             
00000801  GPIOPinTypeGPIOInput   
00000813  GPIOPinTypeUART        
00000825  ResetISR               
00000831  UARTCharPut            
0000083b  GPIOPinRead            
00000841  GPIOPinWrite           
00000847  SysCtlDelay            
0000084d  _system_pre_init       
00000851  C$$EXIT                
00000851  abort                  
20000000  __stack                
20000000  __start___llvm_prf_cnts
20000000  __stop___llvm_prf_cnts 
20000200  __STACK_END            
20000200  __STACK_TOP            
ffffffff  __TI_pprof_out_hndl    
ffffffff  __TI_prof_data_size    
ffffffff  __TI_prof_data_start   
ffffffff  __binit__              
ffffffff  __c_args__             
ffffffff  binit                  
UNDEFED   __mpu_init             

[40 symbols]
