******************************************************************************
                  TI ARM Linker PC v20.2.6                     
******************************************************************************
>> Linked Fri Mar  4 08:07:29 2022

OUTPUT FILE NAME:   <Ex3.out>
ENTRY POINT SYMBOL: "_c_int00_noargs"  address: 00001739


MEMORY CONFIGURATION

         name            origin    length      used     unused   attr    fill
----------------------  --------  ---------  --------  --------  ----  --------
  FLASH                 00000000   00040000  00001c70  0003e390  R  X
  SRAM                  20000000   00008000  0000046d  00007b93  RW X


SEGMENT ALLOCATION MAP

run origin  load origin   length   init length attrs members
----------  ----------- ---------- ----------- ----- -------
00000000    00000000    00001c70   00001c70    r-x
  00000000    00000000    0000026c   0000026c    r-- .intvecs
  0000026c    0000026c    00001690   00001690    r-x .text
  000018fc    000018fc    00000344   00000344    r-- .const
  00001c40    00001c40    00000030   00000030    r-- .cinit
20000000    20000000    00000470   00000000    rw-
  20000000    20000000    0000026c   00000000    rw- .vtable
  2000026c    2000026c    00000001   00000000    rw- .data
  20000270    20000270    00000200   00000000    rw- .stack


SECTION ALLOCATION MAP

 output                                  attributes/
section   page    origin      length       input sections
--------  ----  ----------  ----------   ----------------
.intvecs   0    00000000    0000026c     
                  00000000    0000026c     tm4c123gh6pm_startup_ccs.obj (.intvecs)

.text      0    0000026c    00001690     
                  0000026c    00000ee4     sysctl.obj (.text)
                  00001150    00000132     driverlib.lib : gpio.obj (.text:GPIOPadConfigSet)
                  00001282    00000002                   : interrupt.obj (.text:_IntDefaultHandler)
                  00001284    000000f0     main.obj (.text)
                  00001374    0000009c     rtsv7M4_T_le_v4SPD16_eabi.lib : memcpy_t2.asm.obj (.text)
                  00001410    00000068     driverlib.lib : interrupt.obj (.text:IntDisable)
                  00001478    00000068                   : interrupt.obj (.text:IntEnable)
                  000014e0    00000068     rtsv7M4_T_le_v4SPD16_eabi.lib : copy_decompress_lzss.c.obj (.text:decompress:lzss:__TI_decompress_lzss)
                  00001548    00000060     GPIO.obj (.text)
                  000015a8    00000048     driverlib.lib : gpio.obj (.text:GPIOPinConfigure)
                  000015f0    00000048     UART.obj (.text)
                  00001638    00000046     driverlib.lib : uart.obj (.text:UARTConfigSetExpClk)
                  0000167e    00000002     --HOLE-- [fill = 0]
                  00001680    00000044     rtsv7M4_T_le_v4SPD16_eabi.lib : autoinit.c.obj (.text:__TI_auto_init_nobinit_nopinit:__TI_auto_init_nobinit_nopinit)
                  000016c4    00000040     driverlib.lib : uart.obj (.text:_UARTIntNumberGet)
                  00001704    00000034                   : interrupt.obj (.text:IntRegister)
                  00001738    00000034     rtsv7M4_T_le_v4SPD16_eabi.lib : boot_cortex_m.c.obj (.text:_c_int00_noargs:_c_int00_noargs)
                  0000176c    0000002a     driverlib.lib : gpio.obj (.text:GPIODirModeSet)
                  00001796    00000002     --HOLE-- [fill = 0]
                  00001798    00000020                   : uart.obj (.text:UARTDisable)
                  000017b8    0000001c                   : systick.obj (.text:SysTickIntRegister)
                  000017d4    0000001c     rtsv7M4_T_le_v4SPD16_eabi.lib : copy_zero_init.c.obj (.text:decompress:ZI:__TI_zero_init_nomemset:__TI_zero_init_nomemset)
                  000017f0    00000018     driverlib.lib : gpio.obj (.text:GPIOPinTypeGPIOOutput)
                  00001808    00000018                   : uart.obj (.text:UARTIntRegister)
                  00001820    00000014                   : interrupt.obj (.text:IntUnregister)
                  00001834    00000014                   : systick.obj (.text:SysTickEnable)
                  00001848    00000014                   : systick.obj (.text:SysTickIntEnable)
                  0000185c    00000014                   : uart.obj (.text:UARTEnable)
                  00001870    00000012                   : gpio.obj (.text:GPIOPinTypeGPIOInput)
                  00001882    00000012                   : gpio.obj (.text:GPIOPinTypeUART)
                  00001894    00000010                   : systick.obj (.text:SysTickPeriodSet)
                  000018a4    0000000e     rtsv7M4_T_le_v4SPD16_eabi.lib : copy_decompress_none.c.obj (.text:decompress:none:__TI_decompress_none)
                  000018b2    0000000c     tm4c123gh6pm_startup_ccs.obj (.text)
                  000018be    0000000a     driverlib.lib : uart.obj (.text:UARTCharGet)
                  000018c8    0000000a                   : uart.obj (.text:UARTIntStatus)
                  000018d2    00000008                   : uart.obj (.text:UARTIntEnable)
                  000018da    00000006                   : gpio.obj (.text:GPIOPinRead)
                  000018e0    00000006                   : gpio.obj (.text:GPIOPinWrite)
                  000018e6    00000006     sysctl.obj (.text:SysCtlDelay)
                  000018ec    00000004     driverlib.lib : cpu.obj (.text:CPUwfi)
                  000018f0    00000004                   : uart.obj (.text:UARTIntClear)
                  000018f4    00000004     rtsv7M4_T_le_v4SPD16_eabi.lib : pre_init.c.obj (.text:_system_pre_init)
                  000018f8    00000004                                   : exit.c.obj (.text:abort:abort)

.const     0    000018fc    00000344     
                  000018fc    00000120     sysctl.obj (.const:g_pppui32XTALtoVCO)
                  00001a1c    00000090     driverlib.lib : gpio.obj (.const:g_pui32GPIOBaseAddrs)
                  00001aac    00000070                   : interrupt.obj (.const)
                  00001b1c    0000006c     sysctl.obj (.const:g_pui32Xtals)
                  00001b88    00000040     driverlib.lib : uart.obj (.const:g_ppui32UARTIntMap)
                  00001bc8    00000040                   : uart.obj (.const:g_ppui32UARTIntMapSnowflake)
                  00001c08    00000030     sysctl.obj (.const:g_sXTALtoMEMTIM)
                  00001c38    00000008     sysctl.obj (.const:g_pui32VCOFrequencies)

.cinit     0    00001c40    00000030     
                  00001c40    0000000c     (__TI_handler_table)
                  00001c4c    00000004     --HOLE-- [fill = 0]
                  00001c50    00000008     (.cinit..vtable.load) [load image, compression = zero_init]
                  00001c58    00000005     (.cinit..data.load) [load image, compression = lzss]
                  00001c5d    00000003     --HOLE-- [fill = 0]
                  00001c60    00000010     (__TI_cinit_table)

.init_array 
*          0    00000000    00000000     UNINITIALIZED

.vtable    0    20000000    0000026c     UNINITIALIZED
                  20000000    0000026c     driverlib.lib : interrupt.obj (.vtable)

.data      0    2000026c    00000001     UNINITIALIZED
                  2000026c    00000001     main.obj (.data)

.stack     0    20000270    00000200     UNINITIALIZED
                  20000270    00000004     rtsv7M4_T_le_v4SPD16_eabi.lib : boot_cortex_m.c.obj (.stack)
                  20000274    000001fc     --HOLE--

__llvm_prf_cnts 
*          0    20000000    00000000     UNINITIALIZED

MODULE SUMMARY

       Module                         code   ro data   rw data
       ------                         ----   -------   -------
    .\
       sysctl.obj                     3818   452       0      
       tm4c123gh6pm_startup_ccs.obj   12     620       0      
       main.obj                       240    0         1      
    +--+------------------------------+------+---------+---------+
       Total:                         4070   1072      1      
                                                              
    .\GPIO\
       GPIO.obj                       96     0         0      
    +--+------------------------------+------+---------+---------+
       Total:                         96     0         0      
                                                              
    .\UART\
       UART.obj                       72     0         0      
    +--+------------------------------+------+---------+---------+
       Total:                         72     0         0      
                                                              
    C:/ti/TivaWare_C_Series-2.1.2.111/driverlib/ccs/Debug/driverlib.lib
       interrupt.obj                  282    112       620    
       gpio.obj                       492    144       0      
       uart.obj                       242    128       0      
       systick.obj                    84     0         0      
       cpu.obj                        4      0         0      
    +--+------------------------------+------+---------+---------+
       Total:                         1104   384       620    
                                                              
    C:\ti\ccs1040\ccs\tools\compiler\ti-cgt-arm_20.2.6.LTS\lib\rtsv7M4_T_le_v4SPD16_eabi.lib
       memcpy_t2.asm.obj              156    0         0      
       copy_decompress_lzss.c.obj     104    0         0      
       autoinit.c.obj                 68     0         0      
       boot_cortex_m.c.obj            52     0         0      
       copy_zero_init.c.obj           28     0         0      
       copy_decompress_none.c.obj     14     0         0      
       exit.c.obj                     4      0         0      
       pre_init.c.obj                 4      0         0      
    +--+------------------------------+------+---------+---------+
       Total:                         430    0         0      
                                                              
       Stack:                         0      0         512    
       Linker Generated:              0      41        0      
    +--+------------------------------+------+---------+---------+
       Grand Total:                   5772   1497      1133   


LINKER GENERATED COPY TABLES

__TI_cinit_table @ 00001c60 records: 2, size/record: 8, table size: 16
	.vtable: load addr=00001c50, load size=00000008 bytes, run addr=20000000, run size=0000026c bytes, compression=zero_init
	.data: load addr=00001c58, load size=00000005 bytes, run addr=2000026c, run size=00000001 bytes, compression=lzss


LINKER GENERATED HANDLER TABLE

__TI_handler_table @ 00001c40 records: 3, size/record: 4, table size: 12
	index: 0, handler: __TI_zero_init
	index: 1, handler: __TI_decompress_lzss
	index: 2, handler: __TI_decompress_none


GLOBAL SYMBOLS: SORTED ALPHABETICALLY BY Name 

address   name                            
-------   ----                            
000018f9  C$$EXIT                         
000018ed  CPUwfi                          
00001549  Config_Led                      
00001565  Config_SW                       
000015f1  Config_UART                     
0000176d  GPIODirModeSet                  
00001151  GPIOPadConfigSet                
000015a9  GPIOPinConfigure                
000018db  GPIOPinRead                     
00001871  GPIOPinTypeGPIOInput            
000017f1  GPIOPinTypeGPIOOutput           
00001883  GPIOPinTypeUART                 
000018e1  GPIOPinWrite                    
00001411  IntDisable                      
00001479  IntEnable                       
00001705  IntRegister                     
00001821  IntUnregister                   
000018b3  ResetISR                        
000010f5  SysCtlAltClkConfig              
000008d5  SysCtlClockFreqSet              
00000db9  SysCtlClockGet                  
000010d9  SysCtlClockOutConfig            
00000bed  SysCtlClockSet                  
000007d5  SysCtlDeepSleep                 
00000f79  SysCtlDeepSleepClockConfigSet   
00000f5b  SysCtlDeepSleepClockSet         
000007b5  SysCtlDeepSleepPowerSet         
000018e7  SysCtlDelay                     
00000363  SysCtlFlashSectorSizeGet        
00000337  SysCtlFlashSizeGet              
0000104f  SysCtlGPIOAHBDisable            
00001033  SysCtlGPIOAHBEnable             
00000749  SysCtlIntClear                  
00000731  SysCtlIntDisable                
0000071d  SysCtlIntEnable                 
000006f5  SysCtlIntRegister               
00000759  SysCtlIntStatus                 
0000070d  SysCtlIntUnregister             
0000079b  SysCtlLDODeepSleepGet           
0000078b  SysCtlLDODeepSleepSet           
00000785  SysCtlLDOSleepGet               
00000775  SysCtlLDOSleepSet               
0000080b  SysCtlMOSCConfigSet             
000010c5  SysCtlNMIClear                  
000010b9  SysCtlNMIStatus                 
00000821  SysCtlPIOSCCalibrate            
0000101d  SysCtlPWMClockGet               
00001003  SysCtlPWMClockSet               
000006a1  SysCtlPeripheralClockGating     
00000659  SysCtlPeripheralDeepSleepDisable
00000609  SysCtlPeripheralDeepSleepEnable 
00000545  SysCtlPeripheralDisable         
00000509  SysCtlPeripheralEnable          
00000445  SysCtlPeripheralPowerOff        
00000409  SysCtlPeripheralPowerOn         
00000389  SysCtlPeripheralPresent         
000003c9  SysCtlPeripheralReady           
00000481  SysCtlPeripheralReset           
000005cd  SysCtlPeripheralSleepDisable    
00000589  SysCtlPeripheralSleepEnable     
000007c5  SysCtlReset                     
00000881  SysCtlResetBehaviorGet          
00000871  SysCtlResetBehaviorSet          
000007f7  SysCtlResetCauseClear           
000007f1  SysCtlResetCauseGet             
0000032d  SysCtlSRAMSizeGet               
000007cd  SysCtlSleep                     
000007a1  SysCtlSleepPowerSet             
00001077  SysCtlUSBPLLDisable             
0000106b  SysCtlUSBPLLEnable              
000010a5  SysCtlVoltageEventClear         
00001089  SysCtlVoltageEventConfig        
00001099  SysCtlVoltageEventStatus        
00001835  SysTickEnable                   
00001849  SysTickIntEnable                
000017b9  SysTickIntRegister              
00001895  SysTickPeriodSet                
00001285  SysTick_ISR                     
000018bf  UARTCharGet                     
00001639  UARTConfigSetExpClk             
00001799  UARTDisable                     
0000185d  UARTEnable                      
000018f1  UARTIntClear                    
000018d3  UARTIntEnable                   
00001809  UARTIntRegister                 
000018c9  UARTIntStatus                   
0000129d  UARTInt_Handler                 
20000470  __STACK_END                     
00000200  __STACK_SIZE                    
20000470  __STACK_TOP                     
00001c60  __TI_CINIT_Base                 
00001c70  __TI_CINIT_Limit                
00001c40  __TI_Handler_Table_Base         
00001c4c  __TI_Handler_Table_Limit        
00001681  __TI_auto_init_nobinit_nopinit  
000014e1  __TI_decompress_lzss            
000018a5  __TI_decompress_none            
ffffffff  __TI_pprof_out_hndl             
ffffffff  __TI_prof_data_size             
ffffffff  __TI_prof_data_start            
00000000  __TI_static_base__              
000017d5  __TI_zero_init_nomemset         
00001375  __aeabi_memcpy                  
00001375  __aeabi_memcpy4                 
00001375  __aeabi_memcpy8                 
ffffffff  __binit__                       
ffffffff  __c_args__                      
UNDEFED   __mpu_init                      
20000270  __stack                         
20000000  __start___llvm_prf_cnts         
20000000  __stop___llvm_prf_cnts          
00001739  _c_int00_noargs                 
UNDEFED   _system_post_cinit              
000018f5  _system_pre_init                
000018f9  abort                           
ffffffff  binit                           
20000000  g_pfnRAMVectors                 
00000000  g_pfnVectors                    
2000026c  i                               
000012fb  main                            
00001375  memcpy                          


GLOBAL SYMBOLS: SORTED BY Symbol Address 

address   name                            
-------   ----                            
00000000  __TI_static_base__              
00000000  g_pfnVectors                    
00000200  __STACK_SIZE                    
0000032d  SysCtlSRAMSizeGet               
00000337  SysCtlFlashSizeGet              
00000363  SysCtlFlashSectorSizeGet        
00000389  SysCtlPeripheralPresent         
000003c9  SysCtlPeripheralReady           
00000409  SysCtlPeripheralPowerOn         
00000445  SysCtlPeripheralPowerOff        
00000481  SysCtlPeripheralReset           
00000509  SysCtlPeripheralEnable          
00000545  SysCtlPeripheralDisable         
00000589  SysCtlPeripheralSleepEnable     
000005cd  SysCtlPeripheralSleepDisable    
00000609  SysCtlPeripheralDeepSleepEnable 
00000659  SysCtlPeripheralDeepSleepDisable
000006a1  SysCtlPeripheralClockGating     
000006f5  SysCtlIntRegister               
0000070d  SysCtlIntUnregister             
0000071d  SysCtlIntEnable                 
00000731  SysCtlIntDisable                
00000749  SysCtlIntClear                  
00000759  SysCtlIntStatus                 
00000775  SysCtlLDOSleepSet               
00000785  SysCtlLDOSleepGet               
0000078b  SysCtlLDODeepSleepSet           
0000079b  SysCtlLDODeepSleepGet           
000007a1  SysCtlSleepPowerSet             
000007b5  SysCtlDeepSleepPowerSet         
000007c5  SysCtlReset                     
000007cd  SysCtlSleep                     
000007d5  SysCtlDeepSleep                 
000007f1  SysCtlResetCauseGet             
000007f7  SysCtlResetCauseClear           
0000080b  SysCtlMOSCConfigSet             
00000821  SysCtlPIOSCCalibrate            
00000871  SysCtlResetBehaviorSet          
00000881  SysCtlResetBehaviorGet          
000008d5  SysCtlClockFreqSet              
00000bed  SysCtlClockSet                  
00000db9  SysCtlClockGet                  
00000f5b  SysCtlDeepSleepClockSet         
00000f79  SysCtlDeepSleepClockConfigSet   
00001003  SysCtlPWMClockSet               
0000101d  SysCtlPWMClockGet               
00001033  SysCtlGPIOAHBEnable             
0000104f  SysCtlGPIOAHBDisable            
0000106b  SysCtlUSBPLLEnable              
00001077  SysCtlUSBPLLDisable             
00001089  SysCtlVoltageEventConfig        
00001099  SysCtlVoltageEventStatus        
000010a5  SysCtlVoltageEventClear         
000010b9  SysCtlNMIStatus                 
000010c5  SysCtlNMIClear                  
000010d9  SysCtlClockOutConfig            
000010f5  SysCtlAltClkConfig              
00001151  GPIOPadConfigSet                
00001285  SysTick_ISR                     
0000129d  UARTInt_Handler                 
000012fb  main                            
00001375  __aeabi_memcpy                  
00001375  __aeabi_memcpy4                 
00001375  __aeabi_memcpy8                 
00001375  memcpy                          
00001411  IntDisable                      
00001479  IntEnable                       
000014e1  __TI_decompress_lzss            
00001549  Config_Led                      
00001565  Config_SW                       
000015a9  GPIOPinConfigure                
000015f1  Config_UART                     
00001639  UARTConfigSetExpClk             
00001681  __TI_auto_init_nobinit_nopinit  
00001705  IntRegister                     
00001739  _c_int00_noargs                 
0000176d  GPIODirModeSet                  
00001799  UARTDisable                     
000017b9  SysTickIntRegister              
000017d5  __TI_zero_init_nomemset         
000017f1  GPIOPinTypeGPIOOutput           
00001809  UARTIntRegister                 
00001821  IntUnregister                   
00001835  SysTickEnable                   
00001849  SysTickIntEnable                
0000185d  UARTEnable                      
00001871  GPIOPinTypeGPIOInput            
00001883  GPIOPinTypeUART                 
00001895  SysTickPeriodSet                
000018a5  __TI_decompress_none            
000018b3  ResetISR                        
000018bf  UARTCharGet                     
000018c9  UARTIntStatus                   
000018d3  UARTIntEnable                   
000018db  GPIOPinRead                     
000018e1  GPIOPinWrite                    
000018e7  SysCtlDelay                     
000018ed  CPUwfi                          
000018f1  UARTIntClear                    
000018f5  _system_pre_init                
000018f9  C$$EXIT                         
000018f9  abort                           
00001c40  __TI_Handler_Table_Base         
00001c4c  __TI_Handler_Table_Limit        
00001c60  __TI_CINIT_Base                 
00001c70  __TI_CINIT_Limit                
20000000  __start___llvm_prf_cnts         
20000000  __stop___llvm_prf_cnts          
20000000  g_pfnRAMVectors                 
2000026c  i                               
20000270  __stack                         
20000470  __STACK_END                     
20000470  __STACK_TOP                     
ffffffff  __TI_pprof_out_hndl             
ffffffff  __TI_prof_data_size             
ffffffff  __TI_prof_data_start            
ffffffff  __binit__                       
ffffffff  __c_args__                      
ffffffff  binit                           
UNDEFED   __mpu_init                      
UNDEFED   _system_post_cinit              

[121 symbols]
