Archive member included to satisfy reference by file (symbol)

c:/st/stm32cubeide_1.8.0/stm32cubeide/plugins/com.st.stm32cube.ide.mcu.externaltools.gnu-tools-for-stm32.9-2020-q2-update.win32_2.0.0.202105311346/tools/bin/../lib/gcc/arm-none-eabi/9.3.1/../../../../arm-none-eabi/lib/thumb/v7e-m+fp/hard\libc_nano.a(lib_a-errno.o)
                              ./Core/Src/syscalls.o (__errno)
c:/st/stm32cubeide_1.8.0/stm32cubeide/plugins/com.st.stm32cube.ide.mcu.externaltools.gnu-tools-for-stm32.9-2020-q2-update.win32_2.0.0.202105311346/tools/bin/../lib/gcc/arm-none-eabi/9.3.1/../../../../arm-none-eabi/lib/thumb/v7e-m+fp/hard\libc_nano.a(lib_a-exit.o)
                              c:/st/stm32cubeide_1.8.0/stm32cubeide/plugins/com.st.stm32cube.ide.mcu.externaltools.gnu-tools-for-stm32.9-2020-q2-update.win32_2.0.0.202105311346/tools/bin/../lib/gcc/arm-none-eabi/9.3.1/../../../../arm-none-eabi/lib/thumb/v7e-m+fp/hard/crt0.o (exit)
c:/st/stm32cubeide_1.8.0/stm32cubeide/plugins/com.st.stm32cube.ide.mcu.externaltools.gnu-tools-for-stm32.9-2020-q2-update.win32_2.0.0.202105311346/tools/bin/../lib/gcc/arm-none-eabi/9.3.1/../../../../arm-none-eabi/lib/thumb/v7e-m+fp/hard\libc_nano.a(lib_a-impure.o)
                              c:/st/stm32cubeide_1.8.0/stm32cubeide/plugins/com.st.stm32cube.ide.mcu.externaltools.gnu-tools-for-stm32.9-2020-q2-update.win32_2.0.0.202105311346/tools/bin/../lib/gcc/arm-none-eabi/9.3.1/../../../../arm-none-eabi/lib/thumb/v7e-m+fp/hard\libc_nano.a(lib_a-exit.o) (_global_impure_ptr)
c:/st/stm32cubeide_1.8.0/stm32cubeide/plugins/com.st.stm32cube.ide.mcu.externaltools.gnu-tools-for-stm32.9-2020-q2-update.win32_2.0.0.202105311346/tools/bin/../lib/gcc/arm-none-eabi/9.3.1/../../../../arm-none-eabi/lib/thumb/v7e-m+fp/hard\libc_nano.a(lib_a-init.o)
                              c:/st/stm32cubeide_1.8.0/stm32cubeide/plugins/com.st.stm32cube.ide.mcu.externaltools.gnu-tools-for-stm32.9-2020-q2-update.win32_2.0.0.202105311346/tools/bin/../lib/gcc/arm-none-eabi/9.3.1/../../../../arm-none-eabi/lib/thumb/v7e-m+fp/hard/crt0.o (__libc_init_array)
c:/st/stm32cubeide_1.8.0/stm32cubeide/plugins/com.st.stm32cube.ide.mcu.externaltools.gnu-tools-for-stm32.9-2020-q2-update.win32_2.0.0.202105311346/tools/bin/../lib/gcc/arm-none-eabi/9.3.1/../../../../arm-none-eabi/lib/thumb/v7e-m+fp/hard\libc_nano.a(lib_a-memset.o)
                              c:/st/stm32cubeide_1.8.0/stm32cubeide/plugins/com.st.stm32cube.ide.mcu.externaltools.gnu-tools-for-stm32.9-2020-q2-update.win32_2.0.0.202105311346/tools/bin/../lib/gcc/arm-none-eabi/9.3.1/../../../../arm-none-eabi/lib/thumb/v7e-m+fp/hard/crt0.o (memset)
c:/st/stm32cubeide_1.8.0/stm32cubeide/plugins/com.st.stm32cube.ide.mcu.externaltools.gnu-tools-for-stm32.9-2020-q2-update.win32_2.0.0.202105311346/tools/bin/../lib/gcc/arm-none-eabi/9.3.1/thumb/v7e-m+fp/hard\libgcc.a(_aeabi_uldivmod.o)
                              ./Drivers/STM32F4xx_HAL_Driver/Src/stm32f4xx_hal_rcc.o (__aeabi_uldivmod)
c:/st/stm32cubeide_1.8.0/stm32cubeide/plugins/com.st.stm32cube.ide.mcu.externaltools.gnu-tools-for-stm32.9-2020-q2-update.win32_2.0.0.202105311346/tools/bin/../lib/gcc/arm-none-eabi/9.3.1/thumb/v7e-m+fp/hard\libgcc.a(_udivmoddi4.o)
                              c:/st/stm32cubeide_1.8.0/stm32cubeide/plugins/com.st.stm32cube.ide.mcu.externaltools.gnu-tools-for-stm32.9-2020-q2-update.win32_2.0.0.202105311346/tools/bin/../lib/gcc/arm-none-eabi/9.3.1/thumb/v7e-m+fp/hard\libgcc.a(_aeabi_uldivmod.o) (__udivmoddi4)
c:/st/stm32cubeide_1.8.0/stm32cubeide/plugins/com.st.stm32cube.ide.mcu.externaltools.gnu-tools-for-stm32.9-2020-q2-update.win32_2.0.0.202105311346/tools/bin/../lib/gcc/arm-none-eabi/9.3.1/thumb/v7e-m+fp/hard\libgcc.a(_dvmd_tls.o)
                              c:/st/stm32cubeide_1.8.0/stm32cubeide/plugins/com.st.stm32cube.ide.mcu.externaltools.gnu-tools-for-stm32.9-2020-q2-update.win32_2.0.0.202105311346/tools/bin/../lib/gcc/arm-none-eabi/9.3.1/thumb/v7e-m+fp/hard\libgcc.a(_aeabi_uldivmod.o) (__aeabi_ldiv0)

Allocating common symbols
Common symbol       size              file

genTimerCount       0x4               ./Core/Src/main.o
uwTick              0x4               ./Drivers/STM32F4xx_HAL_Driver/Src/stm32f4xx_hal.o
pFlash              0x20              ./Drivers/STM32F4xx_HAL_Driver/Src/stm32f4xx_hal_flash.o

Discarded input sections

 .text          0x0000000000000000        0x0 c:/st/stm32cubeide_1.8.0/stm32cubeide/plugins/com.st.stm32cube.ide.mcu.externaltools.gnu-tools-for-stm32.9-2020-q2-update.win32_2.0.0.202105311346/tools/bin/../lib/gcc/arm-none-eabi/9.3.1/thumb/v7e-m+fp/hard/crti.o
 .data          0x0000000000000000        0x0 c:/st/stm32cubeide_1.8.0/stm32cubeide/plugins/com.st.stm32cube.ide.mcu.externaltools.gnu-tools-for-stm32.9-2020-q2-update.win32_2.0.0.202105311346/tools/bin/../lib/gcc/arm-none-eabi/9.3.1/thumb/v7e-m+fp/hard/crti.o
[...]
Memory Configuration

Name             Origin             Length             Attributes
RAM              0x0000000020000000 0x0000000000020000 xrw
FLASH            0x0000000008000000 0x0000000000080000 xr
*default*        0x0000000000000000 0xffffffffffffffff

Linker script and memory map

LOAD c:/st/stm32cubeide_1.8.0/stm32cubeide/plugins/com.st.stm32cube.ide.mcu.externaltools.gnu-tools-for-stm32.9-2020-q2-update.win32_2.0.0.202105311346/tools/bin/../lib/gcc/arm-none-eabi/9.3.1/thumb/v7e-m+fp/hard/crti.o
LOAD c:/st/stm32cubeide_1.8.0/stm32cubeide/plugins/com.st.stm32cube.ide.mcu.externaltools.gnu-tools-for-stm32.9-2020-q2-update.win32_2.0.0.202105311346/tools/bin/../lib/gcc/arm-none-eabi/9.3.1/thumb/v7e-m+fp/hard/crtbegin.o
LOAD c:/st/stm32cubeide_1.8.0/stm32cubeide/plugins/com.st.stm32cube.ide.mcu.externaltools.gnu-tools-for-stm32.9-2020-q2-update.win32_2.0.0.202105311346/tools/bin/../lib/gcc/arm-none-eabi/9.3.1/../../../../arm-none-eabi/lib/thumb/v7e-m+fp/hard/crt0.o
LOAD ./Core/Src/State.o
LOAD ./Core/Src/gpio.o
LOAD ./Core/Src/main.o
LOAD ./Core/Src/stm32f4xx_hal_msp.o
LOAD ./Core/Src/stm32f4xx_it.o
LOAD ./Core/Src/syscalls.o
LOAD ./Core/Src/sysmem.o
LOAD ./Core/Src/system_stm32f4xx.o
LOAD ./Core/Startup/startup_stm32f411vetx.o
LOAD ./Drivers/STM32F4xx_HAL_Driver/Src/stm32f4xx_hal.o
LOAD ./Drivers/STM32F4xx_HAL_Driver/Src/stm32f4xx_hal_cortex.o
LOAD ./Drivers/STM32F4xx_HAL_Driver/Src/stm32f4xx_hal_dma.o
LOAD ./Drivers/STM32F4xx_HAL_Driver/Src/stm32f4xx_hal_dma_ex.o
LOAD ./Drivers/STM32F4xx_HAL_Driver/Src/stm32f4xx_hal_exti.o
LOAD ./Drivers/STM32F4xx_HAL_Driver/Src/stm32f4xx_hal_flash.o
LOAD ./Drivers/STM32F4xx_HAL_Driver/Src/stm32f4xx_hal_flash_ex.o
LOAD ./Drivers/STM32F4xx_HAL_Driver/Src/stm32f4xx_hal_flash_ramfunc.o
LOAD ./Drivers/STM32F4xx_HAL_Driver/Src/stm32f4xx_hal_gpio.o
LOAD ./Drivers/STM32F4xx_HAL_Driver/Src/stm32f4xx_hal_pwr.o
LOAD ./Drivers/STM32F4xx_HAL_Driver/Src/stm32f4xx_hal_pwr_ex.o
LOAD ./Drivers/STM32F4xx_HAL_Driver/Src/stm32f4xx_hal_rcc.o
LOAD ./Drivers/STM32F4xx_HAL_Driver/Src/stm32f4xx_hal_rcc_ex.o
LOAD ./Drivers/STM32F4xx_HAL_Driver/Src/stm32f4xx_hal_tim.o
LOAD ./Drivers/STM32F4xx_HAL_Driver/Src/stm32f4xx_hal_tim_ex.o
START GROUP
LOAD c:/st/stm32cubeide_1.8.0/stm32cubeide/plugins/com.st.stm32cube.ide.mcu.externaltools.gnu-tools-for-stm32.9-2020-q2-update.win32_2.0.0.202105311346/tools/bin/../lib/gcc/arm-none-eabi/9.3.1/../../../../arm-none-eabi/lib/thumb/v7e-m+fp/hard\libc_nano.a
LOAD c:/st/stm32cubeide_1.8.0/stm32cubeide/plugins/com.st.stm32cube.ide.mcu.externaltools.gnu-tools-for-stm32.9-2020-q2-update.win32_2.0.0.202105311346/tools/bin/../lib/gcc/arm-none-eabi/9.3.1/../../../../arm-none-eabi/lib/thumb/v7e-m+fp/hard\libm.a
END GROUP
START GROUP
LOAD c:/st/stm32cubeide_1.8.0/stm32cubeide/plugins/com.st.stm32cube.ide.mcu.externaltools.gnu-tools-for-stm32.9-2020-q2-update.win32_2.0.0.202105311346/tools/bin/../lib/gcc/arm-none-eabi/9.3.1/thumb/v7e-m+fp/hard\libgcc.a
LOAD c:/st/stm32cubeide_1.8.0/stm32cubeide/plugins/com.st.stm32cube.ide.mcu.externaltools.gnu-tools-for-stm32.9-2020-q2-update.win32_2.0.0.202105311346/tools/bin/../lib/gcc/arm-none-eabi/9.3.1/../../../../arm-none-eabi/lib/thumb/v7e-m+fp/hard\libc_nano.a
END GROUP
START GROUP
LOAD c:/st/stm32cubeide_1.8.0/stm32cubeide/plugins/com.st.stm32cube.ide.mcu.externaltools.gnu-tools-for-stm32.9-2020-q2-update.win32_2.0.0.202105311346/tools/bin/../lib/gcc/arm-none-eabi/9.3.1/thumb/v7e-m+fp/hard\libgcc.a
LOAD c:/st/stm32cubeide_1.8.0/stm32cubeide/plugins/com.st.stm32cube.ide.mcu.externaltools.gnu-tools-for-stm32.9-2020-q2-update.win32_2.0.0.202105311346/tools/bin/../lib/gcc/arm-none-eabi/9.3.1/../../../../arm-none-eabi/lib/thumb/v7e-m+fp/hard\libc_nano.a
LOAD c:/st/stm32cubeide_1.8.0/stm32cubeide/plugins/com.st.stm32cube.ide.mcu.externaltools.gnu-tools-for-stm32.9-2020-q2-update.win32_2.0.0.202105311346/tools/bin/../lib/gcc/arm-none-eabi/9.3.1/../../../../arm-none-eabi/lib/thumb/v7e-m+fp/hard\libnosys.a
END GROUP
START GROUP
LOAD c:/st/stm32cubeide_1.8.0/stm32cubeide/plugins/com.st.stm32cube.ide.mcu.externaltools.gnu-tools-for-stm32.9-2020-q2-update.win32_2.0.0.202105311346/tools/bin/../lib/gcc/arm-none-eabi/9.3.1/thumb/v7e-m+fp/hard\libgcc.a
LOAD c:/st/stm32cubeide_1.8.0/stm32cubeide/plugins/com.st.stm32cube.ide.mcu.externaltools.gnu-tools-for-stm32.9-2020-q2-update.win32_2.0.0.202105311346/tools/bin/../lib/gcc/arm-none-eabi/9.3.1/../../../../arm-none-eabi/lib/thumb/v7e-m+fp/hard\libc_nano.a
LOAD c:/st/stm32cubeide_1.8.0/stm32cubeide/plugins/com.st.stm32cube.ide.mcu.externaltools.gnu-tools-for-stm32.9-2020-q2-update.win32_2.0.0.202105311346/tools/bin/../lib/gcc/arm-none-eabi/9.3.1/../../../../arm-none-eabi/lib/thumb/v7e-m+fp/hard\libnosys.a
END GROUP
LOAD c:/st/stm32cubeide_1.8.0/stm32cubeide/plugins/com.st.stm32cube.ide.mcu.externaltools.gnu-tools-for-stm32.9-2020-q2-update.win32_2.0.0.202105311346/tools/bin/../lib/gcc/arm-none-eabi/9.3.1/thumb/v7e-m+fp/hard/crtend.o
LOAD c:/st/stm32cubeide_1.8.0/stm32cubeide/plugins/com.st.stm32cube.ide.mcu.externaltools.gnu-tools-for-stm32.9-2020-q2-update.win32_2.0.0.202105311346/tools/bin/../lib/gcc/arm-none-eabi/9.3.1/thumb/v7e-m+fp/hard/crtn.o
                0x0000000020020000                _estack = (ORIGIN (RAM) + LENGTH (RAM))
                0x0000000000000200                _Min_Heap_Size = 0x200
                0x0000000000000400                _Min_Stack_Size = 0x400

.isr_vector     0x0000000008000000      0x198
                0x0000000008000000                . = ALIGN (0x4)
 *(.isr_vector)
 .isr_vector    0x0000000008000000      0x198 ./Core/Startup/startup_stm32f411vetx.o
                0x0000000008000000                g_pfnVectors
                0x0000000008000198                . = ALIGN (0x4)

.text           0x0000000008000198     0x1748
                0x0000000008000198                . = ALIGN (0x4)
 *(.text)
 .text          0x0000000008000198       0x40 c:/st/stm32cubeide_1.8.0/stm32cubeide/plugins/com.st.stm32cube.ide.mcu.externaltools.gnu-tools-for-stm32.9-2020-q2-update.win32_2.0.0.202105311346/tools/bin/../lib/gcc/arm-none-eabi/9.3.1/thumb/v7e-m+fp/hard/crtbegin.o
 .text          0x00000000080001d8       0x30 c:/st/stm32cubeide_1.8.0/stm32cubeide/plugins/com.st.stm32cube.ide.mcu.externaltools.gnu-tools-for-stm32.9-2020-q2-update.win32_2.0.0.202105311346/tools/bin/../lib/gcc/arm-none-eabi/9.3.1/thumb/v7e-m+fp/hard\libgcc.a(_aeabi_uldivmod.o)
                0x00000000080001d8                __aeabi_uldivmod
 .text          0x0000000008000208      0x2c4 c:/st/stm32cubeide_1.8.0/stm32cubeide/plugins/com.st.stm32cube.ide.mcu.externaltools.gnu-tools-for-stm32.9-2020-q2-update.win32_2.0.0.202105311346/tools/bin/../lib/gcc/arm-none-eabi/9.3.1/thumb/v7e-m+fp/hard\libgcc.a(_udivmoddi4.o)
                0x0000000008000208                __udivmoddi4
 .text          0x00000000080004cc        0x4 c:/st/stm32cubeide_1.8.0/stm32cubeide/plugins/com.st.stm32cube.ide.mcu.externaltools.gnu-tools-for-stm32.9-2020-q2-update.win32_2.0.0.202105311346/tools/bin/../lib/gcc/arm-none-eabi/9.3.1/thumb/v7e-m+fp/hard\libgcc.a(_dvmd_tls.o)
                0x00000000080004cc                __aeabi_idiv0
                0x00000000080004cc                __aeabi_ldiv0
 *(.text*)
 .text.ledCtrl  0x00000000080004d0       0x24 ./Core/Src/State.o
                0x00000000080004d0                ledCtrl
 .text.SW       0x00000000080004f4       0x3c ./Core/Src/State.o
                0x00000000080004f4                SW
 .text.stateSystemUpdate
                0x0000000008000530      0x124 ./Core/Src/State.o
                0x0000000008000530                stateSystemUpdate
 .text.MX_GPIO_Init
                0x0000000008000654       0xc0 ./Core/Src/gpio.o
                0x0000000008000654                MX_GPIO_Init
 .text.__NVIC_SetPriority
                0x0000000008000714       0x54 ./Core/Src/main.o
 .text.SysTick_Config
                0x0000000008000768       0x44 ./Core/Src/main.o
 .text.SysTick_Handler
                0x00000000080007ac       0x24 ./Core/Src/main.o
                0x00000000080007ac                SysTick_Handler
 .text.main     0x00000000080007d0       0x40 ./Core/Src/main.o
                0x00000000080007d0                main
 .text.SystemClock_Config
                0x0000000008000810       0xd0 ./Core/Src/main.o
                0x0000000008000810                SystemClock_Config
 .text.Error_Handler
                0x00000000080008e0        0xa ./Core/Src/main.o
                0x00000000080008e0                Error_Handler
 *fill*         0x00000000080008ea        0x2 
 .text.HAL_MspInit
                0x00000000080008ec       0x50 ./Core/Src/stm32f4xx_hal_msp.o
                0x00000000080008ec                HAL_MspInit
 .text.NMI_Handler
                0x000000000800093c        0x6 ./Core/Src/stm32f4xx_it.o
                0x000000000800093c                NMI_Handler
 .text.HardFault_Handler
                0x0000000008000942        0x6 ./Core/Src/stm32f4xx_it.o
                0x0000000008000942                HardFault_Handler
 .text.MemManage_Handler
                0x0000000008000948        0x6 ./Core/Src/stm32f4xx_it.o
                0x0000000008000948                MemManage_Handler
 .text.BusFault_Handler
                0x000000000800094e        0x6 ./Core/Src/stm32f4xx_it.o
                0x000000000800094e                BusFault_Handler
 .text.UsageFault_Handler
                0x0000000008000954        0x6 ./Core/Src/stm32f4xx_it.o
                0x0000000008000954                UsageFault_Handler
 .text.SVC_Handler
                0x000000000800095a        0xe ./Core/Src/stm32f4xx_it.o
                0x000000000800095a                SVC_Handler
 .text.DebugMon_Handler
                0x0000000008000968        0xe ./Core/Src/stm32f4xx_it.o
                0x0000000008000968                DebugMon_Handler
 .text.PendSV_Handler
                0x0000000008000976        0xe ./Core/Src/stm32f4xx_it.o
                0x0000000008000976                PendSV_Handler
 .text.SystemInit
                0x0000000008000984       0x24 ./Core/Src/system_stm32f4xx.o
                0x0000000008000984                SystemInit
 .text.Reset_Handler
                0x00000000080009a8       0x50 ./Core/Startup/startup_stm32f411vetx.o
                0x00000000080009a8                Reset_Handler
 .text.Default_Handler
                0x00000000080009f8        0x2 ./Core/Startup/startup_stm32f411vetx.o
                0x00000000080009f8                RTC_Alarm_IRQHandler
                0x00000000080009f8                EXTI2_IRQHandler
                0x00000000080009f8                SPI4_IRQHandler
                0x00000000080009f8                TIM1_CC_IRQHandler
                0x00000000080009f8                DMA2_Stream5_IRQHandler
                0x00000000080009f8                DMA1_Stream5_IRQHandler
                0x00000000080009f8                PVD_IRQHandler
                0x00000000080009f8                SDIO_IRQHandler
                0x00000000080009f8                TAMP_STAMP_IRQHandler
                0x00000000080009f8                EXTI3_IRQHandler
                0x00000000080009f8                TIM1_UP_TIM10_IRQHandler
                0x00000000080009f8                I2C3_ER_IRQHandler
                0x00000000080009f8                EXTI0_IRQHandler
                0x00000000080009f8                I2C2_EV_IRQHandler
                0x00000000080009f8                DMA1_Stream2_IRQHandler
                0x00000000080009f8                FPU_IRQHandler
                0x00000000080009f8                DMA2_Stream2_IRQHandler
                0x00000000080009f8                SPI1_IRQHandler
                0x00000000080009f8                TIM1_BRK_TIM9_IRQHandler
                0x00000000080009f8                DMA2_Stream3_IRQHandler
                0x00000000080009f8                USART6_IRQHandler
                0x00000000080009f8                DMA2_Stream0_IRQHandler
                0x00000000080009f8                TIM4_IRQHandler
                0x00000000080009f8                I2C1_EV_IRQHandler
                0x00000000080009f8                DMA1_Stream6_IRQHandler
                0x00000000080009f8                DMA1_Stream1_IRQHandler
                0x00000000080009f8                TIM3_IRQHandler
                0x00000000080009f8                RCC_IRQHandler
                0x00000000080009f8                Default_Handler
                0x00000000080009f8                EXTI15_10_IRQHandler
                0x00000000080009f8                ADC_IRQHandler
                0x00000000080009f8                DMA1_Stream7_IRQHandler
                0x00000000080009f8                SPI5_IRQHandler
                0x00000000080009f8                TIM5_IRQHandler
                0x00000000080009f8                DMA2_Stream7_IRQHandler
                0x00000000080009f8                I2C3_EV_IRQHandler
                0x00000000080009f8                EXTI9_5_IRQHandler
                0x00000000080009f8                RTC_WKUP_IRQHandler
                0x00000000080009f8                SPI2_IRQHandler
                0x00000000080009f8                DMA1_Stream0_IRQHandler
                0x00000000080009f8                EXTI4_IRQHandler
                0x00000000080009f8                WWDG_IRQHandler
                0x00000000080009f8                TIM2_IRQHandler
                0x00000000080009f8                OTG_FS_WKUP_IRQHandler
                0x00000000080009f8                TIM1_TRG_COM_TIM11_IRQHandler
                0x00000000080009f8                EXTI1_IRQHandler
                0x00000000080009f8                USART2_IRQHandler
                0x00000000080009f8                I2C2_ER_IRQHandler
                0x00000000080009f8                DMA2_Stream1_IRQHandler
                0x00000000080009f8                FLASH_IRQHandler
                0x00000000080009f8                DMA2_Stream4_IRQHandler
                0x00000000080009f8                USART1_IRQHandler
                0x00000000080009f8                OTG_FS_IRQHandler
                0x00000000080009f8                SPI3_IRQHandler
                0x00000000080009f8                DMA1_Stream4_IRQHandler
                0x00000000080009f8                I2C1_ER_IRQHandler
                0x00000000080009f8                DMA2_Stream6_IRQHandler
                0x00000000080009f8                DMA1_Stream3_IRQHandler
 *fill*         0x00000000080009fa        0x2 
 .text.HAL_Init
                0x00000000080009fc       0x44 ./Drivers/STM32F4xx_HAL_Driver/Src/stm32f4xx_hal.o
                0x00000000080009fc                HAL_Init
 .text.HAL_InitTick
                0x0000000008000a40       0x60 ./Drivers/STM32F4xx_HAL_Driver/Src/stm32f4xx_hal.o
                0x0000000008000a40                HAL_InitTick
 .text.HAL_GetTick
                0x0000000008000aa0       0x18 ./Drivers/STM32F4xx_HAL_Driver/Src/stm32f4xx_hal.o
                0x0000000008000aa0                HAL_GetTick
 .text.__NVIC_SetPriorityGrouping
                0x0000000008000ab8       0x48 ./Drivers/STM32F4xx_HAL_Driver/Src/stm32f4xx_hal_cortex.o
 .text.__NVIC_GetPriorityGrouping
                0x0000000008000b00       0x1c ./Drivers/STM32F4xx_HAL_Driver/Src/stm32f4xx_hal_cortex.o
 .text.__NVIC_SetPriority
                0x0000000008000b1c       0x54 ./Drivers/STM32F4xx_HAL_Driver/Src/stm32f4xx_hal_cortex.o
 .text.NVIC_EncodePriority
                0x0000000008000b70       0x66 ./Drivers/STM32F4xx_HAL_Driver/Src/stm32f4xx_hal_cortex.o
 *fill*         0x0000000008000bd6        0x2 
 .text.SysTick_Config
                0x0000000008000bd8       0x44 ./Drivers/STM32F4xx_HAL_Driver/Src/stm32f4xx_hal_cortex.o
 .text.HAL_NVIC_SetPriorityGrouping
                0x0000000008000c1c       0x16 ./Drivers/STM32F4xx_HAL_Driver/Src/stm32f4xx_hal_cortex.o
                0x0000000008000c1c                HAL_NVIC_SetPriorityGrouping
 .text.HAL_NVIC_SetPriority
                0x0000000008000c32       0x38 ./Drivers/STM32F4xx_HAL_Driver/Src/stm32f4xx_hal_cortex.o
                0x0000000008000c32                HAL_NVIC_SetPriority
 .text.HAL_SYSTICK_Config
                0x0000000008000c6a       0x18 ./Drivers/STM32F4xx_HAL_Driver/Src/stm32f4xx_hal_cortex.o
                0x0000000008000c6a                HAL_SYSTICK_Config
 *fill*         0x0000000008000c82        0x2 
 .text.HAL_GPIO_Init
                0x0000000008000c84      0x308 ./Drivers/STM32F4xx_HAL_Driver/Src/stm32f4xx_hal_gpio.o
                0x0000000008000c84                HAL_GPIO_Init
 .text.HAL_GPIO_ReadPin
                0x0000000008000f8c       0x30 ./Drivers/STM32F4xx_HAL_Driver/Src/stm32f4xx_hal_gpio.o
                0x0000000008000f8c                HAL_GPIO_ReadPin
 .text.HAL_GPIO_WritePin
                0x0000000008000fbc       0x32 ./Drivers/STM32F4xx_HAL_Driver/Src/stm32f4xx_hal_gpio.o
                0x0000000008000fbc                HAL_GPIO_WritePin
 *fill*         0x0000000008000fee        0x2 
 .text.HAL_RCC_OscConfig
                0x0000000008000ff0      0x4f0 ./Drivers/STM32F4xx_HAL_Driver/Src/stm32f4xx_hal_rcc.o
                0x0000000008000ff0                HAL_RCC_OscConfig
 .text.HAL_RCC_ClockConfig
                0x00000000080014e0      0x1cc ./Drivers/STM32F4xx_HAL_Driver/Src/stm32f4xx_hal_rcc.o
                0x00000000080014e0                HAL_RCC_ClockConfig
 .text.HAL_RCC_GetSysClockFreq
                0x00000000080016ac      0x1c4 ./Drivers/STM32F4xx_HAL_Driver/Src/stm32f4xx_hal_rcc.o
                0x00000000080016ac                HAL_RCC_GetSysClockFreq
 .text.__libc_init_array
                0x0000000008001870       0x48 c:/st/stm32cubeide_1.8.0/stm32cubeide/plugins/com.st.stm32cube.ide.mcu.externaltools.gnu-tools-for-stm32.9-2020-q2-update.win32_2.0.0.202105311346/tools/bin/../lib/gcc/arm-none-eabi/9.3.1/../../../../arm-none-eabi/lib/thumb/v7e-m+fp/hard\libc_nano.a(lib_a-init.o)
                0x0000000008001870                __libc_init_array
 .text.memset   0x00000000080018b8       0x10 c:/st/stm32cubeide_1.8.0/stm32cubeide/plugins/com.st.stm32cube.ide.mcu.externaltools.gnu-tools-for-stm32.9-2020-q2-update.win32_2.0.0.202105311346/tools/bin/../lib/gcc/arm-none-eabi/9.3.1/../../../../arm-none-eabi/lib/thumb/v7e-m+fp/hard\libc_nano.a(lib_a-memset.o)
                0x00000000080018b8                memset
 *(.glue_7)
 .glue_7        0x00000000080018c8        0x0 linker stubs
 *(.glue_7t)
 .glue_7t       0x00000000080018c8        0x0 linker stubs
 *(.eh_frame)
 .eh_frame      0x00000000080018c8        0x0 c:/st/stm32cubeide_1.8.0/stm32cubeide/plugins/com.st.stm32cube.ide.mcu.externaltools.gnu-tools-for-stm32.9-2020-q2-update.win32_2.0.0.202105311346/tools/bin/../lib/gcc/arm-none-eabi/9.3.1/thumb/v7e-m+fp/hard/crtbegin.o
 *(.init)
 .init          0x00000000080018c8        0x4 c:/st/stm32cubeide_1.8.0/stm32cubeide/plugins/com.st.stm32cube.ide.mcu.externaltools.gnu-tools-for-stm32.9-2020-q2-update.win32_2.0.0.202105311346/tools/bin/../lib/gcc/arm-none-eabi/9.3.1/thumb/v7e-m+fp/hard/crti.o
                0x00000000080018c8                _init
 .init          0x00000000080018cc        0x8 c:/st/stm32cubeide_1.8.0/stm32cubeide/plugins/com.st.stm32cube.ide.mcu.externaltools.gnu-tools-for-stm32.9-2020-q2-update.win32_2.0.0.202105311346/tools/bin/../lib/gcc/arm-none-eabi/9.3.1/thumb/v7e-m+fp/hard/crtn.o
 *(.fini)
 .fini          0x00000000080018d4        0x4 c:/st/stm32cubeide_1.8.0/stm32cubeide/plugins/com.st.stm32cube.ide.mcu.externaltools.gnu-tools-for-stm32.9-2020-q2-update.win32_2.0.0.202105311346/tools/bin/../lib/gcc/arm-none-eabi/9.3.1/thumb/v7e-m+fp/hard/crti.o
                0x00000000080018d4                _fini
 .fini          0x00000000080018d8        0x8 c:/st/stm32cubeide_1.8.0/stm32cubeide/plugins/com.st.stm32cube.ide.mcu.externaltools.gnu-tools-for-stm32.9-2020-q2-update.win32_2.0.0.202105311346/tools/bin/../lib/gcc/arm-none-eabi/9.3.1/thumb/v7e-m+fp/hard/crtn.o
                0x00000000080018e0                . = ALIGN (0x4)
                0x00000000080018e0                _etext = .

.vfp11_veneer   0x00000000080018e0        0x0
 .vfp11_veneer  0x00000000080018e0        0x0 linker stubs

.v4_bx          0x00000000080018e0        0x0
 .v4_bx         0x00000000080018e0        0x0 linker stubs

.iplt           0x00000000080018e0        0x0
 .iplt          0x00000000080018e0        0x0 c:/st/stm32cubeide_1.8.0/stm32cubeide/plugins/com.st.stm32cube.ide.mcu.externaltools.gnu-tools-for-stm32.9-2020-q2-update.win32_2.0.0.202105311346/tools/bin/../lib/gcc/arm-none-eabi/9.3.1/thumb/v7e-m+fp/hard/crtbegin.o

.rodata         0x00000000080018e0       0x10
                0x00000000080018e0                . = ALIGN (0x4)
 *(.rodata)
 *(.rodata*)
 .rodata.AHBPrescTable
                0x00000000080018e0       0x10 ./Core/Src/system_stm32f4xx.o
                0x00000000080018e0                AHBPrescTable
                0x00000000080018f0                . = ALIGN (0x4)

.ARM.extab      0x00000000080018f0        0x0
                0x00000000080018f0                . = ALIGN (0x4)
 *(.ARM.extab* .gnu.linkonce.armextab.*)
                0x00000000080018f0                . = ALIGN (0x4)

.ARM            0x00000000080018f0        0x8
                0x00000000080018f0                . = ALIGN (0x4)
                0x00000000080018f0                __exidx_start = .
 *(.ARM.exidx*)
 .ARM.exidx     0x00000000080018f0        0x8 c:/st/stm32cubeide_1.8.0/stm32cubeide/plugins/com.st.stm32cube.ide.mcu.externaltools.gnu-tools-for-stm32.9-2020-q2-update.win32_2.0.0.202105311346/tools/bin/../lib/gcc/arm-none-eabi/9.3.1/thumb/v7e-m+fp/hard\libgcc.a(_udivmoddi4.o)
                0x00000000080018f8                __exidx_end = .
                0x00000000080018f8                . = ALIGN (0x4)

.rel.dyn        0x00000000080018f8        0x0
 .rel.iplt      0x00000000080018f8        0x0 c:/st/stm32cubeide_1.8.0/stm32cubeide/plugins/com.st.stm32cube.ide.mcu.externaltools.gnu-tools-for-stm32.9-2020-q2-update.win32_2.0.0.202105311346/tools/bin/../lib/gcc/arm-none-eabi/9.3.1/thumb/v7e-m+fp/hard/crtbegin.o

.preinit_array  0x00000000080018f8        0x0
                0x00000000080018f8                . = ALIGN (0x4)
                0x00000000080018f8                PROVIDE (__preinit_array_start = .)
 *(.preinit_array*)
                0x00000000080018f8                PROVIDE (__preinit_array_end = .)
                0x00000000080018f8                . = ALIGN (0x4)

.init_array     0x00000000080018f8        0x4
                0x00000000080018f8                . = ALIGN (0x4)
                0x00000000080018f8                PROVIDE (__init_array_start = .)
 *(SORT_BY_NAME(.init_array.*))
 *(.init_array*)
 .init_array    0x00000000080018f8        0x4 c:/st/stm32cubeide_1.8.0/stm32cubeide/plugins/com.st.stm32cube.ide.mcu.externaltools.gnu-tools-for-stm32.9-2020-q2-update.win32_2.0.0.202105311346/tools/bin/../lib/gcc/arm-none-eabi/9.3.1/thumb/v7e-m+fp/hard/crtbegin.o
                0x00000000080018fc                PROVIDE (__init_array_end = .)
                0x00000000080018fc                . = ALIGN (0x4)

.fini_array     0x00000000080018fc        0x4
                0x00000000080018fc                . = ALIGN (0x4)
                [!provide]                        PROVIDE (__fini_array_start = .)
 *(SORT_BY_NAME(.fini_array.*))
 *(.fini_array*)
 .fini_array    0x00000000080018fc        0x4 c:/st/stm32cubeide_1.8.0/stm32cubeide/plugins/com.st.stm32cube.ide.mcu.externaltools.gnu-tools-for-stm32.9-2020-q2-update.win32_2.0.0.202105311346/tools/bin/../lib/gcc/arm-none-eabi/9.3.1/thumb/v7e-m+fp/hard/crtbegin.o
                [!provide]                        PROVIDE (__fini_array_end = .)
                0x0000000008001900                . = ALIGN (0x4)
                0x0000000008001900                _sidata = LOADADDR (.data)

.data           0x0000000020000000        0xc load address 0x0000000008001900
                0x0000000020000000                . = ALIGN (0x4)
                0x0000000020000000                _sdata = .
 *(.data)
 *(.data*)
 .data.SystemCoreClock
                0x0000000020000000        0x4 ./Core/Src/system_stm32f4xx.o
                0x0000000020000000                SystemCoreClock
 .data.uwTickPrio
                0x0000000020000004        0x4 ./Drivers/STM32F4xx_HAL_Driver/Src/stm32f4xx_hal.o
                0x0000000020000004                uwTickPrio
 .data.uwTickFreq
                0x0000000020000008        0x1 ./Drivers/STM32F4xx_HAL_Driver/Src/stm32f4xx_hal.o
                0x0000000020000008                uwTickFreq
 *(.RamFunc)
 *(.RamFunc*)
                0x000000002000000c                . = ALIGN (0x4)
 *fill*         0x0000000020000009        0x3 
                0x000000002000000c                _edata = .

.igot.plt       0x000000002000000c        0x0 load address 0x000000000800190c
 .igot.plt      0x000000002000000c        0x0 c:/st/stm32cubeide_1.8.0/stm32cubeide/plugins/com.st.stm32cube.ide.mcu.externaltools.gnu-tools-for-stm32.9-2020-q2-update.win32_2.0.0.202105311346/tools/bin/../lib/gcc/arm-none-eabi/9.3.1/thumb/v7e-m+fp/hard/crtbegin.o
                0x000000002000000c                . = ALIGN (0x4)

.bss            0x000000002000000c       0x28 load address 0x000000000800190c
                0x000000002000000c                _sbss = .
                0x000000002000000c                __bss_start__ = _sbss
 *(.bss)
 .bss           0x000000002000000c       0x1c c:/st/stm32cubeide_1.8.0/stm32cubeide/plugins/com.st.stm32cube.ide.mcu.externaltools.gnu-tools-for-stm32.9-2020-q2-update.win32_2.0.0.202105311346/tools/bin/../lib/gcc/arm-none-eabi/9.3.1/thumb/v7e-m+fp/hard/crtbegin.o
 *(.bss*)
 .bss.State     0x0000000020000028        0x1 ./Core/Src/State.o
 *(COMMON)
 *fill*         0x0000000020000029        0x3 
 COMMON         0x000000002000002c        0x4 ./Core/Src/main.o
                0x000000002000002c                genTimerCount
 COMMON         0x0000000020000030        0x4 ./Drivers/STM32F4xx_HAL_Driver/Src/stm32f4xx_hal.o
                0x0000000020000030                uwTick
                0x0000000020000034                . = ALIGN (0x4)
                0x0000000020000034                _ebss = .
                0x0000000020000034                __bss_end__ = _ebss

._user_heap_stack
                0x0000000020000034      0x604 load address 0x000000000800190c
                0x0000000020000038                . = ALIGN (0x8)
 *fill*         0x0000000020000034        0x4 
                [!provide]                        PROVIDE (end = .)
                0x0000000020000038                PROVIDE (_end = .)
                0x0000000020000238                . = (. + _Min_Heap_Size)
 *fill*         0x0000000020000038      0x200 
                0x0000000020000638                . = (. + _Min_Stack_Size)
 *fill*         0x0000000020000238      0x400 
                0x0000000020000638                . = ALIGN (0x8)

/DISCARD/
 libc.a(*)
 libm.a(*)
 libgcc.a(*)

.ARM.attributes
                0x0000000000000000       0x30
 *(.ARM.attributes)
 .ARM.attributes
                0x0000000000000000       0x1e c:/st/stm32cubeide_1.8.0/stm32cubeide/plugins/com.st.stm32cube.ide.mcu.externaltools.gnu-tools-for-stm32.9-2020-q2-update.win32_2.0.0.202105311346/tools/bin/../lib/gcc/arm-none-eabi/9.3.1/thumb/v7e-m+fp/hard/crti.o
 .ARM.attributes
                0x000000000000001e       0x34 c:/st/stm32cubeide_1.8.0/stm32cubeide/plugins/com.st.stm32cube.ide.mcu.externaltools.gnu-tools-for-stm32.9-2020-q2-update.win32_2.0.0.202105311346/tools/bin/../lib/gcc/arm-none-eabi/9.3.1/thumb/v7e-m+fp/hard/crtbegin.o
 .ARM.attributes
                0x0000000000000052       0x34 ./Core/Src/State.o
 .ARM.attributes
                0x0000000000000086       0x34 ./Core/Src/gpio.o
 .ARM.attributes
                0x00000000000000ba       0x34 ./Core/Src/main.o
 .ARM.attributes
                0x00000000000000ee       0x34 ./Core/Src/stm32f4xx_hal_msp.o
 .ARM.attributes
                0x0000000000000122       0x34 ./Core/Src/stm32f4xx_it.o
 .ARM.attributes
                0x0000000000000156       0x34 ./Core/Src/system_stm32f4xx.o
 .ARM.attributes
                0x000000000000018a       0x21 ./Core/Startup/startup_stm32f411vetx.o
 .ARM.attributes
                0x00000000000001ab       0x34 ./Drivers/STM32F4xx_HAL_Driver/Src/stm32f4xx_hal.o
 .ARM.attributes
                0x00000000000001df       0x34 ./Drivers/STM32F4xx_HAL_Driver/Src/stm32f4xx_hal_cortex.o
 .ARM.attributes
                0x0000000000000213       0x34 ./Drivers/STM32F4xx_HAL_Driver/Src/stm32f4xx_hal_gpio.o
 .ARM.attributes
                0x0000000000000247       0x34 ./Drivers/STM32F4xx_HAL_Driver/Src/stm32f4xx_hal_rcc.o
 .ARM.attributes
                0x000000000000027b       0x34 c:/st/stm32cubeide_1.8.0/stm32cubeide/plugins/com.st.stm32cube.ide.mcu.externaltools.gnu-tools-for-stm32.9-2020-q2-update.win32_2.0.0.202105311346/tools/bin/../lib/gcc/arm-none-eabi/9.3.1/../../../../arm-none-eabi/lib/thumb/v7e-m+fp/hard\libc_nano.a(lib_a-init.o)
 .ARM.attributes
                0x00000000000002af       0x34 c:/st/stm32cubeide_1.8.0/stm32cubeide/plugins/com.st.stm32cube.ide.mcu.externaltools.gnu-tools-for-stm32.9-2020-q2-update.win32_2.0.0.202105311346/tools/bin/../lib/gcc/arm-none-eabi/9.3.1/../../../../arm-none-eabi/lib/thumb/v7e-m+fp/hard\libc_nano.a(lib_a-memset.o)
 .ARM.attributes
                0x00000000000002e3       0x1e c:/st/stm32cubeide_1.8.0/stm32cubeide/plugins/com.st.stm32cube.ide.mcu.externaltools.gnu-tools-for-stm32.9-2020-q2-update.win32_2.0.0.202105311346/tools/bin/../lib/gcc/arm-none-eabi/9.3.1/thumb/v7e-m+fp/hard\libgcc.a(_aeabi_uldivmod.o)
 .ARM.attributes
                0x0000000000000301       0x34 c:/st/stm32cubeide_1.8.0/stm32cubeide/plugins/com.st.stm32cube.ide.mcu.externaltools.gnu-tools-for-stm32.9-2020-q2-update.win32_2.0.0.202105311346/tools/bin/../lib/gcc/arm-none-eabi/9.3.1/thumb/v7e-m+fp/hard\libgcc.a(_udivmoddi4.o)
 .ARM.attributes
                0x0000000000000335       0x1e c:/st/stm32cubeide_1.8.0/stm32cubeide/plugins/com.st.stm32cube.ide.mcu.externaltools.gnu-tools-for-stm32.9-2020-q2-update.win32_2.0.0.202105311346/tools/bin/../lib/gcc/arm-none-eabi/9.3.1/thumb/v7e-m+fp/hard\libgcc.a(_dvmd_tls.o)
 .ARM.attributes
                0x0000000000000353       0x1e c:/st/stm32cubeide_1.8.0/stm32cubeide/plugins/com.st.stm32cube.ide.mcu.externaltools.gnu-tools-for-stm32.9-2020-q2-update.win32_2.0.0.202105311346/tools/bin/../lib/gcc/arm-none-eabi/9.3.1/thumb/v7e-m+fp/hard/crtn.o
OUTPUT(Ex2.elf elf32-littlearm)
LOAD linker stubs
LOAD c:/st/stm32cubeide_1.8.0/stm32cubeide/plugins/com.st.stm32cube.ide.mcu.externaltools.gnu-tools-for-stm32.9-2020-q2-update.win32_2.0.0.202105311346/tools/bin/../lib/gcc/arm-none-eabi/9.3.1/../../../../arm-none-eabi/lib/thumb/v7e-m+fp/hard\libc.a
LOAD c:/st/stm32cubeide_1.8.0/stm32cubeide/plugins/com.st.stm32cube.ide.mcu.externaltools.gnu-tools-for-stm32.9-2020-q2-update.win32_2.0.0.202105311346/tools/bin/../lib/gcc/arm-none-eabi/9.3.1/../../../../arm-none-eabi/lib/thumb/v7e-m+fp/hard\libm.a
LOAD c:/st/stm32cubeide_1.8.0/stm32cubeide/plugins/com.st.stm32cube.ide.mcu.externaltools.gnu-tools-for-stm32.9-2020-q2-update.win32_2.0.0.202105311346/tools/bin/../lib/gcc/arm-none-eabi/9.3.1/thumb/v7e-m+fp/hard\libgcc.a

.debug_info     0x0000000000000000     0x49c2
 .debug_info    0x0000000000000000      0x33f ./Core/Src/State.o
 .debug_info    0x000000000000033f      0x521 ./Core/Src/gpio.o
 .debug_info    0x0000000000000860      0xbf5 ./Core/Src/main.o
 .debug_info    0x0000000000001455      0x3c0 ./Core/Src/stm32f4xx_hal_msp.o
 .debug_info    0x0000000000001815      0x210 ./Core/Src/stm32f4xx_it.o
 .debug_info    0x0000000000001a25      0x5d0 ./Core/Src/system_stm32f4xx.o
 .debug_info    0x0000000000001ff5       0x22 ./Core/Startup/startup_stm32f411vetx.o
 .debug_info    0x0000000000002017      0x944 ./Drivers/STM32F4xx_HAL_Driver/Src/stm32f4xx_hal.o
 .debug_info    0x000000000000295b      0xe47 ./Drivers/STM32F4xx_HAL_Driver/Src/stm32f4xx_hal_cortex.o
 .debug_info    0x00000000000037a2      0x862 ./Drivers/STM32F4xx_HAL_Driver/Src/stm32f4xx_hal_gpio.o
 .debug_info    0x0000000000004004      0x9be ./Drivers/STM32F4xx_HAL_Driver/Src/stm32f4xx_hal_rcc.o

.debug_abbrev   0x0000000000000000     0x1210
 .debug_abbrev  0x0000000000000000      0x175 ./Core/Src/State.o
 .debug_abbrev  0x0000000000000175      0x14e ./Core/Src/gpio.o
 .debug_abbrev  0x00000000000002c3      0x261 ./Core/Src/main.o
 .debug_abbrev  0x0000000000000524      0x11d ./Core/Src/stm32f4xx_hal_msp.o
 .debug_abbrev  0x0000000000000641       0xb8 ./Core/Src/stm32f4xx_it.o
 .debug_abbrev  0x00000000000006f9      0x145 ./Core/Src/system_stm32f4xx.o
 .debug_abbrev  0x000000000000083e       0x12 ./Core/Startup/startup_stm32f411vetx.o
 .debug_abbrev  0x0000000000000850      0x21e ./Drivers/STM32F4xx_HAL_Driver/Src/stm32f4xx_hal.o
 .debug_abbrev  0x0000000000000a6e      0x33c ./Drivers/STM32F4xx_HAL_Driver/Src/stm32f4xx_hal_cortex.o
 .debug_abbrev  0x0000000000000daa      0x1f1 ./Drivers/STM32F4xx_HAL_Driver/Src/stm32f4xx_hal_gpio.o
 .debug_abbrev  0x0000000000000f9b      0x275 ./Drivers/STM32F4xx_HAL_Driver/Src/stm32f4xx_hal_rcc.o

.debug_aranges  0x0000000000000000      0x450
 .debug_aranges
                0x0000000000000000       0x38 ./Core/Src/State.o
 .debug_aranges
                0x0000000000000038       0x20 ./Core/Src/gpio.o
 .debug_aranges
                0x0000000000000058       0x48 ./Core/Src/main.o
 .debug_aranges
                0x00000000000000a0       0x20 ./Core/Src/stm32f4xx_hal_msp.o
 .debug_aranges
                0x00000000000000c0       0x58 ./Core/Src/stm32f4xx_it.o
 .debug_aranges
                0x0000000000000118       0x28 ./Core/Src/system_stm32f4xx.o
 .debug_aranges
                0x0000000000000140       0x28 ./Core/Startup/startup_stm32f411vetx.o
 .debug_aranges
                0x0000000000000168       0xf0 ./Drivers/STM32F4xx_HAL_Driver/Src/stm32f4xx_hal.o
 .debug_aranges
                0x0000000000000258      0x118 ./Drivers/STM32F4xx_HAL_Driver/Src/stm32f4xx_hal_cortex.o
 .debug_aranges
                0x0000000000000370       0x58 ./Drivers/STM32F4xx_HAL_Driver/Src/stm32f4xx_hal_gpio.o
 .debug_aranges
                0x00000000000003c8       0x88 ./Drivers/STM32F4xx_HAL_Driver/Src/stm32f4xx_hal_rcc.o

.debug_ranges   0x0000000000000000      0x3a8
 .debug_ranges  0x0000000000000000       0x28 ./Core/Src/State.o
 .debug_ranges  0x0000000000000028       0x10 ./Core/Src/gpio.o
 .debug_ranges  0x0000000000000038       0x38 ./Core/Src/main.o
 .debug_ranges  0x0000000000000070       0x10 ./Core/Src/stm32f4xx_hal_msp.o
 .debug_ranges  0x0000000000000080       0x48 ./Core/Src/stm32f4xx_it.o
 .debug_ranges  0x00000000000000c8       0x18 ./Core/Src/system_stm32f4xx.o
 .debug_ranges  0x00000000000000e0       0x20 ./Core/Startup/startup_stm32f411vetx.o
 .debug_ranges  0x0000000000000100       0xe0 ./Drivers/STM32F4xx_HAL_Driver/Src/stm32f4xx_hal.o
 .debug_ranges  0x00000000000001e0      0x108 ./Drivers/STM32F4xx_HAL_Driver/Src/stm32f4xx_hal_cortex.o
 .debug_ranges  0x00000000000002e8       0x48 ./Drivers/STM32F4xx_HAL_Driver/Src/stm32f4xx_hal_gpio.o
 .debug_ranges  0x0000000000000330       0x78 ./Drivers/STM32F4xx_HAL_Driver/Src/stm32f4xx_hal_rcc.o

.debug_macro    0x0000000000000000    0x14712
 .debug_macro   0x0000000000000000      0x1ce ./Core/Src/State.o
 .debug_macro   0x00000000000001ce      0xaa8 ./Core/Src/State.o
 .debug_macro   0x0000000000000c76      0x28f ./Core/Src/State.o
 .debug_macro   0x0000000000000f05       0x2e ./Core/Src/State.o
 .debug_macro   0x0000000000000f33       0x28 ./Core/Src/State.o
 .debug_macro   0x0000000000000f5b       0x22 ./Core/Src/State.o
 .debug_macro   0x0000000000000f7d       0x8e ./Core/Src/State.o
 .debug_macro   0x000000000000100b       0x51 ./Core/Src/State.o
 .debug_macro   0x000000000000105c      0x103 ./Core/Src/State.o
 .debug_macro   0x000000000000115f       0x6a ./Core/Src/State.o
 .debug_macro   0x00000000000011c9      0x1df ./Core/Src/State.o
 .debug_macro   0x00000000000013a8       0x1c ./Core/Src/State.o
 .debug_macro   0x00000000000013c4       0x22 ./Core/Src/State.o
 .debug_macro   0x00000000000013e6       0xdf ./Core/Src/State.o
 .debug_macro   0x00000000000014c5     0x102d ./Core/Src/State.o
 .debug_macro   0x00000000000024f2      0x11f ./Core/Src/State.o
 .debug_macro   0x0000000000002611     0xb953 ./Core/Src/State.o
 .debug_macro   0x000000000000df64       0x6d ./Core/Src/State.o
 .debug_macro   0x000000000000dfd1     0x3666 ./Core/Src/State.o
 .debug_macro   0x0000000000011637      0x174 ./Core/Src/State.o
 .debug_macro   0x00000000000117ab       0x5c ./Core/Src/State.o
 .debug_macro   0x0000000000011807      0x447 ./Core/Src/State.o
 .debug_macro   0x0000000000011c4e      0x9fe ./Core/Src/State.o
 .debug_macro   0x000000000001264c      0x116 ./Core/Src/State.o
 .debug_macro   0x0000000000012762      0x11b ./Core/Src/State.o
 .debug_macro   0x000000000001287d       0xa5 ./Core/Src/State.o
 .debug_macro   0x0000000000012922      0x15f ./Core/Src/State.o
 .debug_macro   0x0000000000012a81      0x287 ./Core/Src/State.o
 .debug_macro   0x0000000000012d08       0x5f ./Core/Src/State.o
 .debug_macro   0x0000000000012d67      0x236 ./Core/Src/State.o
 .debug_macro   0x0000000000012f9d      0x132 ./Core/Src/State.o
 .debug_macro   0x00000000000130cf      0x264 ./Core/Src/State.o
 .debug_macro   0x0000000000013333       0x2e ./Core/Src/State.o
 .debug_macro   0x0000000000013361      0x11a ./Core/Src/State.o
 .debug_macro   0x000000000001347b       0x85 ./Core/Src/State.o
 .debug_macro   0x0000000000013500       0x89 ./Core/Src/State.o
 .debug_macro   0x0000000000013589      0x126 ./Core/Src/State.o
 .debug_macro   0x00000000000136af       0x1c ./Core/Src/State.o
 .debug_macro   0x00000000000136cb       0x10 ./Core/Src/State.o
 .debug_macro   0x00000000000136db      0x1c9 ./Core/Src/gpio.o
 .debug_macro   0x00000000000138a4      0x1d6 ./Core/Src/main.o
 .debug_macro   0x0000000000013a7a       0x16 ./Core/Src/main.o
 .debug_macro   0x0000000000013a90      0x1bf ./Core/Src/stm32f4xx_hal_msp.o
 .debug_macro   0x0000000000013c4f      0x1c9 ./Core/Src/stm32f4xx_it.o
 .debug_macro   0x0000000000013e18      0x1b0 ./Core/Src/system_stm32f4xx.o
 .debug_macro   0x0000000000013fc8      0x210 ./Drivers/STM32F4xx_HAL_Driver/Src/stm32f4xx_hal.o
 .debug_macro   0x00000000000141d8      0x1b0 ./Drivers/STM32F4xx_HAL_Driver/Src/stm32f4xx_hal_cortex.o
 .debug_macro   0x0000000000014388      0x1b6 ./Drivers/STM32F4xx_HAL_Driver/Src/stm32f4xx_hal_gpio.o
 .debug_macro   0x000000000001453e      0x1d4 ./Drivers/STM32F4xx_HAL_Driver/Src/stm32f4xx_hal_rcc.o

.debug_line     0x0000000000000000     0x57ba
 .debug_line    0x0000000000000000      0x761 ./Core/Src/State.o
 .debug_line    0x0000000000000761      0x696 ./Core/Src/gpio.o
 .debug_line    0x0000000000000df7      0x79e ./Core/Src/main.o
 .debug_line    0x0000000000001595      0x67d ./Core/Src/stm32f4xx_hal_msp.o
 .debug_line    0x0000000000001c12      0x728 ./Core/Src/stm32f4xx_it.o
 .debug_line    0x000000000000233a      0x6ff ./Core/Src/system_stm32f4xx.o
 .debug_line    0x0000000000002a39       0x88 ./Core/Startup/startup_stm32f411vetx.o
 .debug_line    0x0000000000002ac1      0x965 ./Drivers/STM32F4xx_HAL_Driver/Src/stm32f4xx_hal.o
 .debug_line    0x0000000000003426      0xc14 ./Drivers/STM32F4xx_HAL_Driver/Src/stm32f4xx_hal_cortex.o
 .debug_line    0x000000000000403a      0xa9f ./Drivers/STM32F4xx_HAL_Driver/Src/stm32f4xx_hal_gpio.o
 .debug_line    0x0000000000004ad9      0xce1 ./Drivers/STM32F4xx_HAL_Driver/Src/stm32f4xx_hal_rcc.o

.debug_str      0x0000000000000000    0x7efd1
 .debug_str     0x0000000000000000    0x7da94 ./Core/Src/State.o
                                      0x7dd36 (size before relaxing)
 .debug_str     0x000000000007da94      0x172 ./Core/Src/gpio.o
                                      0x7de0c (size before relaxing)
 .debug_str     0x000000000007dc06      0x5e3 ./Core/Src/main.o
                                      0x7e3ff (size before relaxing)
 .debug_str     0x000000000007e1e9       0x2c ./Core/Src/stm32f4xx_hal_msp.o
                                      0x7dd6f (size before relaxing)
 .debug_str     0x000000000007e215       0xad ./Core/Src/stm32f4xx_it.o
                                      0x7dcdb (size before relaxing)
 .debug_str     0x000000000007e2c2       0x5b ./Core/Src/system_stm32f4xx.o
                                      0x7dd92 (size before relaxing)
 .debug_str     0x000000000007e31d       0x36 ./Core/Startup/startup_stm32f411vetx.o
                                         0x5c (size before relaxing)
 .debug_str     0x000000000007e353      0x575 ./Drivers/STM32F4xx_HAL_Driver/Src/stm32f4xx_hal.o
                                      0x7e71c (size before relaxing)
 .debug_str     0x000000000007e8c8      0x351 ./Drivers/STM32F4xx_HAL_Driver/Src/stm32f4xx_hal_cortex.o
                                      0x7e4f9 (size before relaxing)
 .debug_str     0x000000000007ec19      0x15f ./Drivers/STM32F4xx_HAL_Driver/Src/stm32f4xx_hal_gpio.o
                                      0x7df39 (size before relaxing)
 .debug_str     0x000000000007ed78      0x259 ./Drivers/STM32F4xx_HAL_Driver/Src/stm32f4xx_hal_rcc.o
                                      0x7e194 (size before relaxing)

.comment        0x0000000000000000       0x53
 .comment       0x0000000000000000       0x53 ./Core/Src/State.o
                                         0x54 (size before relaxing)
 .comment       0x0000000000000053       0x54 ./Core/Src/gpio.o
 .comment       0x0000000000000053       0x54 ./Core/Src/main.o
 .comment       0x0000000000000053       0x54 ./Core/Src/stm32f4xx_hal_msp.o
 .comment       0x0000000000000053       0x54 ./Core/Src/stm32f4xx_it.o
 .comment       0x0000000000000053       0x54 ./Core/Src/system_stm32f4xx.o
 .comment       0x0000000000000053       0x54 ./Drivers/STM32F4xx_HAL_Driver/Src/stm32f4xx_hal.o
 .comment       0x0000000000000053       0x54 ./Drivers/STM32F4xx_HAL_Driver/Src/stm32f4xx_hal_cortex.o
 .comment       0x0000000000000053       0x54 ./Drivers/STM32F4xx_HAL_Driver/Src/stm32f4xx_hal_gpio.o
 .comment       0x0000000000000053       0x54 ./Drivers/STM32F4xx_HAL_Driver/Src/stm32f4xx_hal_rcc.o

.debug_frame    0x0000000000000000      0xf08
 .debug_frame   0x0000000000000000       0x94 ./Core/Src/State.o
 .debug_frame   0x0000000000000094       0x34 ./Core/Src/gpio.o
 .debug_frame   0x00000000000000c8       0xd4 ./Core/Src/main.o
 .debug_frame   0x000000000000019c       0x38 ./Core/Src/stm32f4xx_hal_msp.o
 .debug_frame   0x00000000000001d4       0xe8 ./Core/Src/stm32f4xx_it.o
 .debug_frame   0x00000000000002bc       0x58 ./Core/Src/system_stm32f4xx.o
 .debug_frame   0x0000000000000314      0x374 ./Drivers/STM32F4xx_HAL_Driver/Src/stm32f4xx_hal.o
 .debug_frame   0x0000000000000688      0x498 ./Drivers/STM32F4xx_HAL_Driver/Src/stm32f4xx_hal_cortex.o
 .debug_frame   0x0000000000000b20      0x14c ./Drivers/STM32F4xx_HAL_Driver/Src/stm32f4xx_hal_gpio.o
 .debug_frame   0x0000000000000c6c      0x1f0 ./Drivers/STM32F4xx_HAL_Driver/Src/stm32f4xx_hal_rcc.o
 .debug_frame   0x0000000000000e5c       0x2c c:/st/stm32cubeide_1.8.0/stm32cubeide/plugins/com.st.stm32cube.ide.mcu.externaltools.gnu-tools-for-stm32.9-2020-q2-update.win32_2.0.0.202105311346/tools/bin/../lib/gcc/arm-none-eabi/9.3.1/../../../../arm-none-eabi/lib/thumb/v7e-m+fp/hard\libc_nano.a(lib_a-init.o)
 .debug_frame   0x0000000000000e88       0x20 c:/st/stm32cubeide_1.8.0/stm32cubeide/plugins/com.st.stm32cube.ide.mcu.externaltools.gnu-tools-for-stm32.9-2020-q2-update.win32_2.0.0.202105311346/tools/bin/../lib/gcc/arm-none-eabi/9.3.1/../../../../arm-none-eabi/lib/thumb/v7e-m+fp/hard\libc_nano.a(lib_a-memset.o)
 .debug_frame   0x0000000000000ea8       0x2c c:/st/stm32cubeide_1.8.0/stm32cubeide/plugins/com.st.stm32cube.ide.mcu.externaltools.gnu-tools-for-stm32.9-2020-q2-update.win32_2.0.0.202105311346/tools/bin/../lib/gcc/arm-none-eabi/9.3.1/thumb/v7e-m+fp/hard\libgcc.a(_aeabi_uldivmod.o)
 .debug_frame   0x0000000000000ed4       0x34 c:/st/stm32cubeide_1.8.0/stm32cubeide/plugins/com.st.stm32cube.ide.mcu.externaltools.gnu-tools-for-stm32.9-2020-q2-update.win32_2.0.0.202105311346/tools/bin/../lib/gcc/arm-none-eabi/9.3.1/thumb/v7e-m+fp/hard\libgcc.a(_udivmoddi4.o)
