<?xml version="1.0" encoding="ISO-8859-1" ?>
<link_info>
   <banner>TI ARM Linker PC v20.2.6.LTS</banner>
   <copyright>Copyright (c) 1996-2018 Texas Instruments Incorporated</copyright>
   <link_time>0x62216651</link_time>
   <link_errors>0x0</link_errors>
   <output_file>Ex3.out</output_file>
   <entry_point>
      <name>_c_int00_noargs</name>
      <address>0x1739</address>
   </entry_point>
   <input_file_list>
      <input_file id="fl-2">
         <path>.\</path>
         <kind>object</kind>
         <file>main.obj</file>
         <name>main.obj</name>
      </input_file>
      <input_file id="fl-3">
         <path>.\</path>
         <kind>object</kind>
         <file>sysctl.obj</file>
         <name>sysctl.obj</name>
      </input_file>
      <input_file id="fl-4">
         <path>.\</path>
         <kind>object</kind>
         <file>tm4c123gh6pm_startup_ccs.obj</file>
         <name>tm4c123gh6pm_startup_ccs.obj</name>
      </input_file>
      <input_file id="fl-5">
         <path>.\GPIO\</path>
         <kind>object</kind>
         <file>GPIO.obj</file>
         <name>GPIO.obj</name>
      </input_file>
      <input_file id="fl-6">
         <path>.\UART\</path>
         <kind>object</kind>
         <file>UART.obj</file>
         <name>UART.obj</name>
      </input_file>
      <input_file id="fl-b">
         <kind>object</kind>
         <file>&lt;internal&gt;</file>
         <name>&lt;internal&gt;</name>
      </input_file>
      <input_file id="fl-c">
         <path>C:\ti\TivaWare_C_Series-2.1.2.111\driverlib\ccs\Debug\</path>
         <kind>archive</kind>
         <file>driverlib.lib</file>
         <name>cpu.obj</name>
      </input_file>
      <input_file id="fl-d">
         <path>C:\ti\TivaWare_C_Series-2.1.2.111\driverlib\ccs\Debug\</path>
         <kind>archive</kind>
         <file>driverlib.lib</file>
         <name>gpio.obj</name>
      </input_file>
      <input_file id="fl-e">
         <path>C:\ti\TivaWare_C_Series-2.1.2.111\driverlib\ccs\Debug\</path>
         <kind>archive</kind>
         <file>driverlib.lib</file>
         <name>interrupt.obj</name>
      </input_file>
      <input_file id="fl-f">
         <path>C:\ti\TivaWare_C_Series-2.1.2.111\driverlib\ccs\Debug\</path>
         <kind>archive</kind>
         <file>driverlib.lib</file>
         <name>systick.obj</name>
      </input_file>
      <input_file id="fl-10">
         <path>C:\ti\TivaWare_C_Series-2.1.2.111\driverlib\ccs\Debug\</path>
         <kind>archive</kind>
         <file>driverlib.lib</file>
         <name>uart.obj</name>
      </input_file>
      <input_file id="fl-c6">
         <path>C:\ti\ccs1040\ccs\tools\compiler\ti-cgt-arm_20.2.6.LTS\lib\</path>
         <kind>archive</kind>
         <file>rtsv7M4_T_le_v4SPD16_eabi.lib</file>
         <name>copy_zero_init.c.obj</name>
      </input_file>
      <input_file id="fl-c7">
         <path>C:\ti\ccs1040\ccs\tools\compiler\ti-cgt-arm_20.2.6.LTS\lib\</path>
         <kind>archive</kind>
         <file>rtsv7M4_T_le_v4SPD16_eabi.lib</file>
         <name>copy_decompress_none.c.obj</name>
      </input_file>
      <input_file id="fl-c8">
         <path>C:\ti\ccs1040\ccs\tools\compiler\ti-cgt-arm_20.2.6.LTS\lib\</path>
         <kind>archive</kind>
         <file>rtsv7M4_T_le_v4SPD16_eabi.lib</file>
         <name>copy_decompress_lzss.c.obj</name>
      </input_file>
      <input_file id="fl-c9">
         <path>C:\ti\ccs1040\ccs\tools\compiler\ti-cgt-arm_20.2.6.LTS\lib\</path>
         <kind>archive</kind>
         <file>rtsv7M4_T_le_v4SPD16_eabi.lib</file>
         <name>boot_cortex_m.c.obj</name>
      </input_file>
      <input_file id="fl-ca">
         <path>C:\ti\ccs1040\ccs\tools\compiler\ti-cgt-arm_20.2.6.LTS\lib\</path>
         <kind>archive</kind>
         <file>rtsv7M4_T_le_v4SPD16_eabi.lib</file>
         <name>memcpy_t2.asm.obj</name>
      </input_file>
      <input_file id="fl-cb">
         <path>C:\ti\ccs1040\ccs\tools\compiler\ti-cgt-arm_20.2.6.LTS\lib\</path>
         <kind>archive</kind>
         <file>rtsv7M4_T_le_v4SPD16_eabi.lib</file>
         <name>memset_t2.asm.obj</name>
      </input_file>
      <input_file id="fl-cc">
         <path>C:\ti\ccs1040\ccs\tools\compiler\ti-cgt-arm_20.2.6.LTS\lib\</path>
         <kind>archive</kind>
         <file>rtsv7M4_T_le_v4SPD16_eabi.lib</file>
         <name>autoinit.c.obj</name>
      </input_file>
      <input_file id="fl-cd">
         <path>C:\ti\ccs1040\ccs\tools\compiler\ti-cgt-arm_20.2.6.LTS\lib\</path>
         <kind>archive</kind>
         <file>rtsv7M4_T_le_v4SPD16_eabi.lib</file>
         <name>pre_init.c.obj</name>
      </input_file>
      <input_file id="fl-ce">
         <path>C:\ti\ccs1040\ccs\tools\compiler\ti-cgt-arm_20.2.6.LTS\lib\</path>
         <kind>archive</kind>
         <file>rtsv7M4_T_le_v4SPD16_eabi.lib</file>
         <name>cpy_tbl.c.obj</name>
      </input_file>
      <input_file id="fl-cf">
         <path>C:\ti\ccs1040\ccs\tools\compiler\ti-cgt-arm_20.2.6.LTS\lib\</path>
         <kind>archive</kind>
         <file>rtsv7M4_T_le_v4SPD16_eabi.lib</file>
         <name>exit.c.obj</name>
      </input_file>
      <input_file id="fl-d0">
         <path>C:\ti\ccs1040\ccs\tools\compiler\ti-cgt-arm_20.2.6.LTS\lib\</path>
         <kind>archive</kind>
         <file>rtsv7M4_T_le_v4SPD16_eabi.lib</file>
         <name>_lock.c.obj</name>
      </input_file>
      <input_file id="fl-d1">
         <path>C:\ti\ccs1040\ccs\tools\compiler\ti-cgt-arm_20.2.6.LTS\lib\</path>
         <kind>archive</kind>
         <file>rtsv7M4_T_le_v4SPD16_eabi.lib</file>
         <name>args_main.c.obj</name>
      </input_file>
   </input_file_list>
   <object_component_list>
      <object_component id="oc-12">
         <name>.intvecs</name>
         <load_address>0x0</load_address>
         <run_address>0x0</run_address>
         <size>0x26c</size>
         <input_file_ref idref="fl-4"/>
      </object_component>
      <object_component id="oc-98">
         <name>.text</name>
         <load_address>0x26c</load_address>
         <run_address>0x26c</run_address>
         <size>0xee4</size>
         <input_file_ref idref="fl-3"/>
      </object_component>
      <object_component id="oc-155">
         <name>.text:GPIOPadConfigSet</name>
         <load_address>0x1150</load_address>
         <run_address>0x1150</run_address>
         <size>0x132</size>
         <input_file_ref idref="fl-d"/>
      </object_component>
      <object_component id="oc-1e1">
         <name>.text:_IntDefaultHandler</name>
         <load_address>0x1282</load_address>
         <run_address>0x1282</run_address>
         <size>0x2</size>
         <input_file_ref idref="fl-e"/>
      </object_component>
      <object_component id="oc-2d">
         <name>.text</name>
         <load_address>0x1284</load_address>
         <run_address>0x1284</run_address>
         <size>0xf0</size>
         <input_file_ref idref="fl-2"/>
      </object_component>
      <object_component id="oc-41">
         <name>.text</name>
         <load_address>0x1374</load_address>
         <run_address>0x1374</run_address>
         <size>0x9c</size>
         <input_file_ref idref="fl-ca"/>
      </object_component>
      <object_component id="oc-127">
         <name>.text:IntDisable</name>
         <load_address>0x1410</load_address>
         <run_address>0x1410</run_address>
         <size>0x68</size>
         <input_file_ref idref="fl-e"/>
      </object_component>
      <object_component id="oc-121">
         <name>.text:IntEnable</name>
         <load_address>0x1478</load_address>
         <run_address>0x1478</run_address>
         <size>0x68</size>
         <input_file_ref idref="fl-e"/>
      </object_component>
      <object_component id="oc-15">
         <name>.text:decompress:lzss:__TI_decompress_lzss</name>
         <load_address>0x14e0</load_address>
         <run_address>0x14e0</run_address>
         <size>0x68</size>
         <input_file_ref idref="fl-c8"/>
      </object_component>
      <object_component id="oc-9e">
         <name>.text</name>
         <load_address>0x1548</load_address>
         <run_address>0x1548</run_address>
         <size>0x60</size>
         <input_file_ref idref="fl-5"/>
      </object_component>
      <object_component id="oc-15c">
         <name>.text:GPIOPinConfigure</name>
         <load_address>0x15a8</load_address>
         <run_address>0x15a8</run_address>
         <size>0x48</size>
         <input_file_ref idref="fl-d"/>
      </object_component>
      <object_component id="oc-a4">
         <name>.text</name>
         <load_address>0x15f0</load_address>
         <run_address>0x15f0</run_address>
         <size>0x48</size>
         <input_file_ref idref="fl-6"/>
      </object_component>
      <object_component id="oc-168">
         <name>.text:UARTConfigSetExpClk</name>
         <load_address>0x1638</load_address>
         <run_address>0x1638</run_address>
         <size>0x46</size>
         <input_file_ref idref="fl-10"/>
      </object_component>
      <object_component id="oc-19f">
         <name>.text:__TI_auto_init_nobinit_nopinit:__TI_auto_init_nobinit_nopinit</name>
         <load_address>0x1680</load_address>
         <run_address>0x1680</run_address>
         <size>0x44</size>
         <input_file_ref idref="fl-cc"/>
      </object_component>
      <object_component id="oc-174">
         <name>.text:_UARTIntNumberGet</name>
         <load_address>0x16c4</load_address>
         <run_address>0x16c4</run_address>
         <size>0x40</size>
         <input_file_ref idref="fl-10"/>
      </object_component>
      <object_component id="oc-11b">
         <name>.text:IntRegister</name>
         <load_address>0x1704</load_address>
         <run_address>0x1704</run_address>
         <size>0x34</size>
         <input_file_ref idref="fl-e"/>
      </object_component>
      <object_component id="oc-5f">
         <name>.text:_c_int00_noargs:_c_int00_noargs</name>
         <load_address>0x1738</load_address>
         <run_address>0x1738</run_address>
         <size>0x34</size>
         <input_file_ref idref="fl-c9"/>
      </object_component>
      <object_component id="oc-1f5">
         <name>.text:GPIODirModeSet</name>
         <load_address>0x176c</load_address>
         <run_address>0x176c</run_address>
         <size>0x2a</size>
         <input_file_ref idref="fl-d"/>
      </object_component>
      <object_component id="oc-203">
         <name>.text:UARTDisable</name>
         <load_address>0x1798</load_address>
         <run_address>0x1798</run_address>
         <size>0x20</size>
         <input_file_ref idref="fl-10"/>
      </object_component>
      <object_component id="oc-b0">
         <name>.text:SysTickIntRegister</name>
         <load_address>0x17b8</load_address>
         <run_address>0x17b8</run_address>
         <size>0x1c</size>
         <input_file_ref idref="fl-f"/>
      </object_component>
      <object_component id="oc-4d">
         <name>.text:decompress:ZI:__TI_zero_init_nomemset:__TI_zero_init_nomemset</name>
         <load_address>0x17d4</load_address>
         <run_address>0x17d4</run_address>
         <size>0x1c</size>
         <input_file_ref idref="fl-c6"/>
      </object_component>
      <object_component id="oc-149">
         <name>.text:GPIOPinTypeGPIOOutput</name>
         <load_address>0x17f0</load_address>
         <run_address>0x17f0</run_address>
         <size>0x18</size>
         <input_file_ref idref="fl-d"/>
      </object_component>
      <object_component id="oc-c2">
         <name>.text:UARTIntRegister</name>
         <load_address>0x1808</load_address>
         <run_address>0x1808</run_address>
         <size>0x18</size>
         <input_file_ref idref="fl-10"/>
      </object_component>
      <object_component id="oc-12d">
         <name>.text:IntUnregister</name>
         <load_address>0x1820</load_address>
         <run_address>0x1820</run_address>
         <size>0x14</size>
         <input_file_ref idref="fl-e"/>
      </object_component>
      <object_component id="oc-bc">
         <name>.text:SysTickEnable</name>
         <load_address>0x1834</load_address>
         <run_address>0x1834</run_address>
         <size>0x14</size>
         <input_file_ref idref="fl-f"/>
      </object_component>
      <object_component id="oc-b6">
         <name>.text:SysTickIntEnable</name>
         <load_address>0x1848</load_address>
         <run_address>0x1848</run_address>
         <size>0x14</size>
         <input_file_ref idref="fl-f"/>
      </object_component>
      <object_component id="oc-209">
         <name>.text:UARTEnable</name>
         <load_address>0x185c</load_address>
         <run_address>0x185c</run_address>
         <size>0x14</size>
         <input_file_ref idref="fl-10"/>
      </object_component>
      <object_component id="oc-14f">
         <name>.text:GPIOPinTypeGPIOInput</name>
         <load_address>0x1870</load_address>
         <run_address>0x1870</run_address>
         <size>0x12</size>
         <input_file_ref idref="fl-d"/>
      </object_component>
      <object_component id="oc-162">
         <name>.text:GPIOPinTypeUART</name>
         <load_address>0x1882</load_address>
         <run_address>0x1882</run_address>
         <size>0x12</size>
         <input_file_ref idref="fl-d"/>
      </object_component>
      <object_component id="oc-aa">
         <name>.text:SysTickPeriodSet</name>
         <load_address>0x1894</load_address>
         <run_address>0x1894</run_address>
         <size>0x10</size>
         <input_file_ref idref="fl-f"/>
      </object_component>
      <object_component id="oc-1b">
         <name>.text:decompress:none:__TI_decompress_none</name>
         <load_address>0x18a4</load_address>
         <run_address>0x18a4</run_address>
         <size>0xe</size>
         <input_file_ref idref="fl-c7"/>
      </object_component>
      <object_component id="oc-27">
         <name>.text</name>
         <load_address>0x18b2</load_address>
         <run_address>0x18b2</run_address>
         <size>0xc</size>
         <input_file_ref idref="fl-4"/>
      </object_component>
      <object_component id="oc-92">
         <name>.text:UARTCharGet</name>
         <load_address>0x18be</load_address>
         <run_address>0x18be</run_address>
         <size>0xa</size>
         <input_file_ref idref="fl-10"/>
      </object_component>
      <object_component id="oc-80">
         <name>.text:UARTIntStatus</name>
         <load_address>0x18c8</load_address>
         <run_address>0x18c8</run_address>
         <size>0xa</size>
         <input_file_ref idref="fl-10"/>
      </object_component>
      <object_component id="oc-8c">
         <name>.text:UARTIntEnable</name>
         <load_address>0x18d2</load_address>
         <run_address>0x18d2</run_address>
         <size>0x8</size>
         <input_file_ref idref="fl-10"/>
      </object_component>
      <object_component id="oc-74">
         <name>.text:GPIOPinRead</name>
         <load_address>0x18da</load_address>
         <run_address>0x18da</run_address>
         <size>0x6</size>
         <input_file_ref idref="fl-d"/>
      </object_component>
      <object_component id="oc-7a">
         <name>.text:GPIOPinWrite</name>
         <load_address>0x18e0</load_address>
         <run_address>0x18e0</run_address>
         <size>0x6</size>
         <input_file_ref idref="fl-d"/>
      </object_component>
      <object_component id="oc-c8">
         <name>.text:SysCtlDelay</name>
         <load_address>0x18e6</load_address>
         <run_address>0x18e6</run_address>
         <size>0x6</size>
         <input_file_ref idref="fl-3"/>
      </object_component>
      <object_component id="oc-133">
         <name>.text:CPUwfi</name>
         <load_address>0x18ec</load_address>
         <run_address>0x18ec</run_address>
         <size>0x4</size>
         <input_file_ref idref="fl-c"/>
      </object_component>
      <object_component id="oc-86">
         <name>.text:UARTIntClear</name>
         <load_address>0x18f0</load_address>
         <run_address>0x18f0</run_address>
         <size>0x4</size>
         <input_file_ref idref="fl-10"/>
      </object_component>
      <object_component id="oc-f9">
         <name>.text:_system_pre_init</name>
         <load_address>0x18f4</load_address>
         <run_address>0x18f4</run_address>
         <size>0x4</size>
         <input_file_ref idref="fl-cd"/>
      </object_component>
      <object_component id="oc-193">
         <name>.text:abort:abort</name>
         <load_address>0x18f8</load_address>
         <run_address>0x18f8</run_address>
         <size>0x4</size>
         <input_file_ref idref="fl-cf"/>
      </object_component>
      <object_component id="oc-13c">
         <name>.const:g_pppui32XTALtoVCO</name>
         <load_address>0x18fc</load_address>
         <run_address>0x18fc</run_address>
         <size>0x120</size>
         <input_file_ref idref="fl-3"/>
      </object_component>
      <object_component id="oc-1fe">
         <name>.const:g_pui32GPIOBaseAddrs</name>
         <load_address>0x1a1c</load_address>
         <run_address>0x1a1c</run_address>
         <size>0x90</size>
         <input_file_ref idref="fl-d"/>
      </object_component>
      <object_component id="oc-1dc">
         <name>.const</name>
         <load_address>0x1aac</load_address>
         <run_address>0x1aac</run_address>
         <size>0x70</size>
         <input_file_ref idref="fl-e"/>
      </object_component>
      <object_component id="oc-139">
         <name>.const:g_pui32Xtals</name>
         <load_address>0x1b1c</load_address>
         <run_address>0x1b1c</run_address>
         <size>0x6c</size>
         <input_file_ref idref="fl-3"/>
      </object_component>
      <object_component id="oc-212">
         <name>.const:g_ppui32UARTIntMap</name>
         <load_address>0x1b88</load_address>
         <run_address>0x1b88</run_address>
         <size>0x40</size>
         <input_file_ref idref="fl-10"/>
      </object_component>
      <object_component id="oc-215">
         <name>.const:g_ppui32UARTIntMapSnowflake</name>
         <load_address>0x1bc8</load_address>
         <run_address>0x1bc8</run_address>
         <size>0x40</size>
         <input_file_ref idref="fl-10"/>
      </object_component>
      <object_component id="oc-118">
         <name>.const:g_sXTALtoMEMTIM</name>
         <load_address>0x1c08</load_address>
         <run_address>0x1c08</run_address>
         <size>0x30</size>
         <input_file_ref idref="fl-3"/>
      </object_component>
      <object_component id="oc-13f">
         <name>.const:g_pui32VCOFrequencies</name>
         <load_address>0x1c38</load_address>
         <run_address>0x1c38</run_address>
         <size>0x8</size>
         <input_file_ref idref="fl-3"/>
      </object_component>
      <object_component id="oc-2a9">
         <name>__TI_handler_table</name>
         <load_address>0x1c40</load_address>
         <run_address>0x1c40</run_address>
         <size>0xc</size>
      </object_component>
      <object_component id="oc-2ab">
         <name>.cinit..vtable.load</name>
         <load_address>0x1c50</load_address>
         <run_address>0x1c50</run_address>
         <size>0x8</size>
      </object_component>
      <object_component id="oc-2ac">
         <name>.cinit..data.load</name>
         <load_address>0x1c58</load_address>
         <run_address>0x1c58</run_address>
         <size>0x5</size>
      </object_component>
      <object_component id="oc-2aa">
         <name>__TI_cinit_table</name>
         <load_address>0x1c60</load_address>
         <run_address>0x1c60</run_address>
         <size>0x10</size>
      </object_component>
      <object_component id="oc-1d7">
         <name>.vtable</name>
         <uninitialized>true</uninitialized>
         <run_address>0x20000000</run_address>
         <size>0x26c</size>
         <input_file_ref idref="fl-e"/>
      </object_component>
      <object_component id="oc-c9">
         <name>.data</name>
         <load_address>0x2000026c</load_address>
         <run_address>0x2000026c</run_address>
         <size>0x1</size>
         <input_file_ref idref="fl-2"/>
      </object_component>
      <object_component id="oc-24">
         <name>.stack</name>
         <uninitialized>true</uninitialized>
         <run_address>0x20000270</run_address>
         <size>0x4</size>
         <input_file_ref idref="fl-c9"/>
      </object_component>
      <object_component id="oc-2ae">
         <name>.stack</name>
         <uninitialized>true</uninitialized>
         <run_address>0x20000270</run_address>
         <size>0x0</size>
      </object_component>
      <object_component id="oc-182">
         <name>.debug_info</name>
         <load_address>0x0</load_address>
         <run_address>0x0</run_address>
         <size>0x52c</size>
         <input_file_ref idref="fl-2"/>
      </object_component>
      <object_component id="oc-ca">
         <name>.debug_info</name>
         <load_address>0x52c</load_address>
         <run_address>0x52c</run_address>
         <size>0xb7</size>
         <input_file_ref idref="fl-2"/>
      </object_component>
      <object_component id="oc-2e">
         <name>.debug_info</name>
         <load_address>0x5e3</load_address>
         <run_address>0x5e3</run_address>
         <size>0x335</size>
         <input_file_ref idref="fl-2"/>
      </object_component>
      <object_component id="oc-d4">
         <name>.debug_info</name>
         <load_address>0x918</load_address>
         <run_address>0x918</run_address>
         <size>0x26b</size>
         <input_file_ref idref="fl-2"/>
      </object_component>
      <object_component id="oc-cd">
         <name>.debug_info</name>
         <load_address>0xb83</load_address>
         <run_address>0xb83</run_address>
         <size>0x8b</size>
         <input_file_ref idref="fl-2"/>
      </object_component>
      <object_component id="oc-17d">
         <name>.debug_info</name>
         <load_address>0xc0e</load_address>
         <run_address>0xc0e</run_address>
         <size>0x2a4</size>
         <input_file_ref idref="fl-2"/>
      </object_component>
      <object_component id="oc-143">
         <name>.debug_info</name>
         <load_address>0xeb2</load_address>
         <run_address>0xeb2</run_address>
         <size>0xef</size>
         <input_file_ref idref="fl-2"/>
      </object_component>
      <object_component id="oc-d9">
         <name>.debug_info</name>
         <load_address>0xfa1</load_address>
         <run_address>0xfa1</run_address>
         <size>0xbb</size>
         <input_file_ref idref="fl-2"/>
      </object_component>
      <object_component id="oc-18a">
         <name>.debug_info</name>
         <load_address>0x105c</load_address>
         <run_address>0x105c</run_address>
         <size>0x2c</size>
         <input_file_ref idref="fl-2"/>
      </object_component>
      <object_component id="oc-21b">
         <name>.debug_info</name>
         <load_address>0x1088</load_address>
         <run_address>0x1088</run_address>
         <size>0x35</size>
         <input_file_ref idref="fl-2"/>
      </object_component>
      <object_component id="oc-148">
         <name>.debug_info</name>
         <load_address>0x10bd</load_address>
         <run_address>0x10bd</run_address>
         <size>0x3bf</size>
         <input_file_ref idref="fl-3"/>
      </object_component>
      <object_component id="oc-13a">
         <name>.debug_info</name>
         <load_address>0x147c</load_address>
         <run_address>0x147c</run_address>
         <size>0xf7</size>
         <input_file_ref idref="fl-3"/>
      </object_component>
      <object_component id="oc-13d">
         <name>.debug_info</name>
         <load_address>0x1573</load_address>
         <run_address>0x1573</run_address>
         <size>0x103</size>
         <input_file_ref idref="fl-3"/>
      </object_component>
      <object_component id="oc-119">
         <name>.debug_info</name>
         <load_address>0x1676</load_address>
         <run_address>0x1676</run_address>
         <size>0xfd</size>
         <input_file_ref idref="fl-3"/>
      </object_component>
      <object_component id="oc-140">
         <name>.debug_info</name>
         <load_address>0x1773</load_address>
         <run_address>0x1773</run_address>
         <size>0x10a</size>
         <input_file_ref idref="fl-3"/>
      </object_component>
      <object_component id="oc-9b">
         <name>.debug_info</name>
         <load_address>0x187d</load_address>
         <run_address>0x187d</run_address>
         <size>0x36a7</size>
         <input_file_ref idref="fl-3"/>
      </object_component>
      <object_component id="oc-1f1">
         <name>.debug_info</name>
         <load_address>0x4f24</load_address>
         <run_address>0x4f24</run_address>
         <size>0x51</size>
         <input_file_ref idref="fl-3"/>
      </object_component>
      <object_component id="oc-35">
         <name>.debug_info</name>
         <load_address>0x4f75</load_address>
         <run_address>0x4f75</run_address>
         <size>0x2e6</size>
         <input_file_ref idref="fl-4"/>
      </object_component>
      <object_component id="oc-13">
         <name>.debug_info</name>
         <load_address>0x525b</load_address>
         <run_address>0x525b</run_address>
         <size>0xe1</size>
         <input_file_ref idref="fl-4"/>
      </object_component>
      <object_component id="oc-2b">
         <name>.debug_info</name>
         <load_address>0x533c</load_address>
         <run_address>0x533c</run_address>
         <size>0x25d</size>
         <input_file_ref idref="fl-4"/>
      </object_component>
      <object_component id="oc-3c">
         <name>.debug_info</name>
         <load_address>0x5599</load_address>
         <run_address>0x5599</run_address>
         <size>0x84</size>
         <input_file_ref idref="fl-4"/>
      </object_component>
      <object_component id="oc-9f">
         <name>.debug_info</name>
         <load_address>0x561d</load_address>
         <run_address>0x561d</run_address>
         <size>0x1ec</size>
         <input_file_ref idref="fl-5"/>
      </object_component>
      <object_component id="oc-a5">
         <name>.debug_info</name>
         <load_address>0x5809</load_address>
         <run_address>0x5809</run_address>
         <size>0x1b1</size>
         <input_file_ref idref="fl-6"/>
      </object_component>
      <object_component id="oc-135">
         <name>.debug_info</name>
         <load_address>0x59ba</load_address>
         <run_address>0x59ba</run_address>
         <size>0x20a</size>
         <input_file_ref idref="fl-c"/>
      </object_component>
      <object_component id="oc-10c">
         <name>.debug_info</name>
         <load_address>0x5bc4</load_address>
         <run_address>0x5bc4</run_address>
         <size>0x18b</size>
         <input_file_ref idref="fl-c"/>
      </object_component>
      <object_component id="oc-111">
         <name>.debug_info</name>
         <load_address>0x5d4f</load_address>
         <run_address>0x5d4f</run_address>
         <size>0x230</size>
         <input_file_ref idref="fl-d"/>
      </object_component>
      <object_component id="oc-1ff">
         <name>.debug_info</name>
         <load_address>0x5f7f</load_address>
         <run_address>0x5f7f</run_address>
         <size>0x15b</size>
         <input_file_ref idref="fl-d"/>
      </object_component>
      <object_component id="oc-7e">
         <name>.debug_info</name>
         <load_address>0x60da</load_address>
         <run_address>0x60da</run_address>
         <size>0x2a3</size>
         <input_file_ref idref="fl-d"/>
      </object_component>
      <object_component id="oc-1f8">
         <name>.debug_info</name>
         <load_address>0x637d</load_address>
         <run_address>0x637d</run_address>
         <size>0x2b3</size>
         <input_file_ref idref="fl-d"/>
      </object_component>
      <object_component id="oc-159">
         <name>.debug_info</name>
         <load_address>0x6630</load_address>
         <run_address>0x6630</run_address>
         <size>0x316</size>
         <input_file_ref idref="fl-d"/>
      </object_component>
      <object_component id="oc-166">
         <name>.debug_info</name>
         <load_address>0x6946</load_address>
         <run_address>0x6946</run_address>
         <size>0x27b</size>
         <input_file_ref idref="fl-d"/>
      </object_component>
      <object_component id="oc-14d">
         <name>.debug_info</name>
         <load_address>0x6bc1</load_address>
         <run_address>0x6bc1</run_address>
         <size>0x2b7</size>
         <input_file_ref idref="fl-d"/>
      </object_component>
      <object_component id="oc-153">
         <name>.debug_info</name>
         <load_address>0x6e78</load_address>
         <run_address>0x6e78</run_address>
         <size>0x285</size>
         <input_file_ref idref="fl-d"/>
      </object_component>
      <object_component id="oc-78">
         <name>.debug_info</name>
         <load_address>0x70fd</load_address>
         <run_address>0x70fd</run_address>
         <size>0x27b</size>
         <input_file_ref idref="fl-d"/>
      </object_component>
      <object_component id="oc-160">
         <name>.debug_info</name>
         <load_address>0x7378</load_address>
         <run_address>0x7378</run_address>
         <size>0x280</size>
         <input_file_ref idref="fl-d"/>
      </object_component>
      <object_component id="oc-1db">
         <name>.debug_info</name>
         <load_address>0x75f8</load_address>
         <run_address>0x75f8</run_address>
         <size>0x20e</size>
         <input_file_ref idref="fl-e"/>
      </object_component>
      <object_component id="oc-1dd">
         <name>.debug_info</name>
         <load_address>0x7806</load_address>
         <run_address>0x7806</run_address>
         <size>0x210</size>
         <input_file_ref idref="fl-e"/>
      </object_component>
      <object_component id="oc-1d8">
         <name>.debug_info</name>
         <load_address>0x7a16</load_address>
         <run_address>0x7a16</run_address>
         <size>0x157</size>
         <input_file_ref idref="fl-e"/>
      </object_component>
      <object_component id="oc-1e2">
         <name>.debug_info</name>
         <load_address>0x7b6d</load_address>
         <run_address>0x7b6d</run_address>
         <size>0x225</size>
         <input_file_ref idref="fl-e"/>
      </object_component>
      <object_component id="oc-12e">
         <name>.debug_info</name>
         <load_address>0x7d92</load_address>
         <run_address>0x7d92</run_address>
         <size>0x270</size>
         <input_file_ref idref="fl-e"/>
      </object_component>
      <object_component id="oc-11c">
         <name>.debug_info</name>
         <load_address>0x8002</load_address>
         <run_address>0x8002</run_address>
         <size>0x2c1</size>
         <input_file_ref idref="fl-e"/>
      </object_component>
      <object_component id="oc-122">
         <name>.debug_info</name>
         <load_address>0x82c3</load_address>
         <run_address>0x82c3</run_address>
         <size>0x268</size>
         <input_file_ref idref="fl-e"/>
      </object_component>
      <object_component id="oc-128">
         <name>.debug_info</name>
         <load_address>0x852b</load_address>
         <run_address>0x852b</run_address>
         <size>0x26a</size>
         <input_file_ref idref="fl-e"/>
      </object_component>
      <object_component id="oc-170">
         <name>.debug_info</name>
         <load_address>0x8795</load_address>
         <run_address>0x8795</run_address>
         <size>0x19d</size>
         <input_file_ref idref="fl-f"/>
      </object_component>
      <object_component id="oc-ad">
         <name>.debug_info</name>
         <load_address>0x8932</load_address>
         <run_address>0x8932</run_address>
         <size>0x261</size>
         <input_file_ref idref="fl-f"/>
      </object_component>
      <object_component id="oc-b2">
         <name>.debug_info</name>
         <load_address>0x8b93</load_address>
         <run_address>0x8b93</run_address>
         <size>0x277</size>
         <input_file_ref idref="fl-f"/>
      </object_component>
      <object_component id="oc-ba">
         <name>.debug_info</name>
         <load_address>0x8e0a</load_address>
         <run_address>0x8e0a</run_address>
         <size>0x227</size>
         <input_file_ref idref="fl-f"/>
      </object_component>
      <object_component id="oc-be">
         <name>.debug_info</name>
         <load_address>0x9031</load_address>
         <run_address>0x9031</run_address>
         <size>0x221</size>
         <input_file_ref idref="fl-f"/>
      </object_component>
      <object_component id="oc-114">
         <name>.debug_info</name>
         <load_address>0x9252</load_address>
         <run_address>0x9252</run_address>
         <size>0x227</size>
         <input_file_ref idref="fl-10"/>
      </object_component>
      <object_component id="oc-213">
         <name>.debug_info</name>
         <load_address>0x9479</load_address>
         <run_address>0x9479</run_address>
         <size>0x157</size>
         <input_file_ref idref="fl-10"/>
      </object_component>
      <object_component id="oc-216">
         <name>.debug_info</name>
         <load_address>0x95d0</load_address>
         <run_address>0x95d0</run_address>
         <size>0x169</size>
         <input_file_ref idref="fl-10"/>
      </object_component>
      <object_component id="oc-175">
         <name>.debug_info</name>
         <load_address>0x9739</load_address>
         <run_address>0x9739</run_address>
         <size>0x27e</size>
         <input_file_ref idref="fl-10"/>
      </object_component>
      <object_component id="oc-81">
         <name>.debug_info</name>
         <load_address>0x99b7</load_address>
         <run_address>0x99b7</run_address>
         <size>0x27f</size>
         <input_file_ref idref="fl-10"/>
      </object_component>
      <object_component id="oc-c3">
         <name>.debug_info</name>
         <load_address>0x9c36</load_address>
         <run_address>0x9c36</run_address>
         <size>0x2c3</size>
         <input_file_ref idref="fl-10"/>
      </object_component>
      <object_component id="oc-8d">
         <name>.debug_info</name>
         <load_address>0x9ef9</load_address>
         <run_address>0x9ef9</run_address>
         <size>0x28f</size>
         <input_file_ref idref="fl-10"/>
      </object_component>
      <object_component id="oc-87">
         <name>.debug_info</name>
         <load_address>0xa188</load_address>
         <run_address>0xa188</run_address>
         <size>0x28d</size>
         <input_file_ref idref="fl-10"/>
      </object_component>
      <object_component id="oc-20a">
         <name>.debug_info</name>
         <load_address>0xa415</load_address>
         <run_address>0xa415</run_address>
         <size>0x247</size>
         <input_file_ref idref="fl-10"/>
      </object_component>
      <object_component id="oc-204">
         <name>.debug_info</name>
         <load_address>0xa65c</load_address>
         <run_address>0xa65c</run_address>
         <size>0x249</size>
         <input_file_ref idref="fl-10"/>
      </object_component>
      <object_component id="oc-169">
         <name>.debug_info</name>
         <load_address>0xa8a5</load_address>
         <run_address>0xa8a5</run_address>
         <size>0x326</size>
         <input_file_ref idref="fl-10"/>
      </object_component>
      <object_component id="oc-93">
         <name>.debug_info</name>
         <load_address>0xabcb</load_address>
         <run_address>0xabcb</run_address>
         <size>0x24d</size>
         <input_file_ref idref="fl-10"/>
      </object_component>
      <object_component id="oc-f2">
         <name>.debug_info</name>
         <load_address>0xae18</load_address>
         <run_address>0xae18</run_address>
         <size>0x2d4</size>
         <input_file_ref idref="fl-c6"/>
      </object_component>
      <object_component id="oc-51">
         <name>.debug_info</name>
         <load_address>0xb0ec</load_address>
         <run_address>0xb0ec</run_address>
         <size>0x1d2</size>
         <input_file_ref idref="fl-c6"/>
      </object_component>
      <object_component id="oc-ed">
         <name>.debug_info</name>
         <load_address>0xb2be</load_address>
         <run_address>0xb2be</run_address>
         <size>0x46</size>
         <input_file_ref idref="fl-c6"/>
      </object_component>
      <object_component id="oc-4c">
         <name>.debug_info</name>
         <load_address>0xb304</load_address>
         <run_address>0xb304</run_address>
         <size>0x2a8</size>
         <input_file_ref idref="fl-c7"/>
      </object_component>
      <object_component id="oc-1d">
         <name>.debug_info</name>
         <load_address>0xb5ac</load_address>
         <run_address>0xb5ac</run_address>
         <size>0x1ea</size>
         <input_file_ref idref="fl-c7"/>
      </object_component>
      <object_component id="oc-47">
         <name>.debug_info</name>
         <load_address>0xb796</load_address>
         <run_address>0xb796</run_address>
         <size>0x46</size>
         <input_file_ref idref="fl-c7"/>
      </object_component>
      <object_component id="oc-e5">
         <name>.debug_info</name>
         <load_address>0xb7dc</load_address>
         <run_address>0xb7dc</run_address>
         <size>0x2c</size>
         <input_file_ref idref="fl-c7"/>
      </object_component>
      <object_component id="oc-e3">
         <name>.debug_info</name>
         <load_address>0xb808</load_address>
         <run_address>0xb808</run_address>
         <size>0x29e</size>
         <input_file_ref idref="fl-c8"/>
      </object_component>
      <object_component id="oc-18">
         <name>.debug_info</name>
         <load_address>0xbaa6</load_address>
         <run_address>0xbaa6</run_address>
         <size>0x250</size>
         <input_file_ref idref="fl-c8"/>
      </object_component>
      <object_component id="oc-37">
         <name>.debug_info</name>
         <load_address>0xbcf6</load_address>
         <run_address>0xbcf6</run_address>
         <size>0x60</size>
         <input_file_ref idref="fl-c8"/>
      </object_component>
      <object_component id="oc-183">
         <name>.debug_info</name>
         <load_address>0xbd56</load_address>
         <run_address>0xbd56</run_address>
         <size>0x46</size>
         <input_file_ref idref="fl-c8"/>
      </object_component>
      <object_component id="oc-de">
         <name>.debug_info</name>
         <load_address>0xbd9c</load_address>
         <run_address>0xbd9c</run_address>
         <size>0x39</size>
         <input_file_ref idref="fl-c8"/>
      </object_component>
      <object_component id="oc-25">
         <name>.debug_info</name>
         <load_address>0xbdd5</load_address>
         <run_address>0xbdd5</run_address>
         <size>0x10b</size>
         <input_file_ref idref="fl-c9"/>
      </object_component>
      <object_component id="oc-63">
         <name>.debug_info</name>
         <load_address>0xbee0</load_address>
         <run_address>0xbee0</run_address>
         <size>0x1a9</size>
         <input_file_ref idref="fl-c9"/>
      </object_component>
      <object_component id="oc-42">
         <name>.debug_info</name>
         <load_address>0xc089</load_address>
         <run_address>0xc089</run_address>
         <size>0x119</size>
         <input_file_ref idref="fl-ca"/>
      </object_component>
      <object_component id="oc-22b">
         <name>.debug_info</name>
         <load_address>0xc1a2</load_address>
         <run_address>0xc1a2</run_address>
         <size>0x4b3</size>
         <input_file_ref idref="fl-cc"/>
      </object_component>
      <object_component id="oc-1a2">
         <name>.debug_info</name>
         <load_address>0xc655</load_address>
         <run_address>0xc655</run_address>
         <size>0x1a6</size>
         <input_file_ref idref="fl-cc"/>
      </object_component>
      <object_component id="oc-260">
         <name>.debug_info</name>
         <load_address>0xc7fb</load_address>
         <run_address>0xc7fb</run_address>
         <size>0x39</size>
         <input_file_ref idref="fl-cc"/>
      </object_component>
      <object_component id="oc-274">
         <name>.debug_info</name>
         <load_address>0xc834</load_address>
         <run_address>0xc834</run_address>
         <size>0x39</size>
         <input_file_ref idref="fl-cc"/>
      </object_component>
      <object_component id="oc-265">
         <name>.debug_info</name>
         <load_address>0xc86d</load_address>
         <run_address>0xc86d</run_address>
         <size>0x39</size>
         <input_file_ref idref="fl-cc"/>
      </object_component>
      <object_component id="oc-26a">
         <name>.debug_info</name>
         <load_address>0xc8a6</load_address>
         <run_address>0xc8a6</run_address>
         <size>0xcd</size>
         <input_file_ref idref="fl-cc"/>
      </object_component>
      <object_component id="oc-fc">
         <name>.debug_info</name>
         <load_address>0xc973</load_address>
         <run_address>0xc973</run_address>
         <size>0x153</size>
         <input_file_ref idref="fl-cd"/>
      </object_component>
      <object_component id="oc-194">
         <name>.debug_info</name>
         <load_address>0xcac6</load_address>
         <run_address>0xcac6</run_address>
         <size>0x122</size>
         <input_file_ref idref="fl-cf"/>
      </object_component>
      <object_component id="oc-2af">
         <name>.debug_info</name>
         <load_address>0xcbe8</load_address>
         <run_address>0xcbe8</run_address>
         <size>0x94</size>
      </object_component>
      <object_component id="oc-21a">
         <name>.debug_line</name>
         <load_address>0x0</load_address>
         <run_address>0x0</run_address>
         <size>0x121</size>
         <input_file_ref idref="fl-2"/>
      </object_component>
      <object_component id="oc-17c">
         <name>.debug_line</name>
         <load_address>0x121</load_address>
         <run_address>0x121</run_address>
         <size>0x2d</size>
         <input_file_ref idref="fl-2"/>
      </object_component>
      <object_component id="oc-31">
         <name>.debug_line</name>
         <load_address>0x14e</load_address>
         <run_address>0x14e</run_address>
         <size>0x96</size>
         <input_file_ref idref="fl-2"/>
      </object_component>
      <object_component id="oc-d7">
         <name>.debug_line</name>
         <load_address>0x1e4</load_address>
         <run_address>0x1e4</run_address>
         <size>0x6f</size>
         <input_file_ref idref="fl-2"/>
      </object_component>
      <object_component id="oc-d0">
         <name>.debug_line</name>
         <load_address>0x253</load_address>
         <run_address>0x253</run_address>
         <size>0x20</size>
         <input_file_ref idref="fl-2"/>
      </object_component>
      <object_component id="oc-180">
         <name>.debug_line</name>
         <load_address>0x273</load_address>
         <run_address>0x273</run_address>
         <size>0x73</size>
         <input_file_ref idref="fl-2"/>
      </object_component>
      <object_component id="oc-146">
         <name>.debug_line</name>
         <load_address>0x2e6</load_address>
         <run_address>0x2e6</run_address>
         <size>0x6f</size>
         <input_file_ref idref="fl-2"/>
      </object_component>
      <object_component id="oc-dc">
         <name>.debug_line</name>
         <load_address>0x355</load_address>
         <run_address>0x355</run_address>
         <size>0x70</size>
         <input_file_ref idref="fl-2"/>
      </object_component>
      <object_component id="oc-18d">
         <name>.debug_line</name>
         <load_address>0x3c5</load_address>
         <run_address>0x3c5</run_address>
         <size>0x6b</size>
         <input_file_ref idref="fl-2"/>
      </object_component>
      <object_component id="oc-21e">
         <name>.debug_line</name>
         <load_address>0x430</load_address>
         <run_address>0x430</run_address>
         <size>0x74</size>
         <input_file_ref idref="fl-2"/>
      </object_component>
      <object_component id="oc-1f0">
         <name>.debug_line</name>
         <load_address>0x4a4</load_address>
         <run_address>0x4a4</run_address>
         <size>0xc8</size>
         <input_file_ref idref="fl-3"/>
      </object_component>
      <object_component id="oc-1ea">
         <name>.debug_line</name>
         <load_address>0x56c</load_address>
         <run_address>0x56c</run_address>
         <size>0x58</size>
         <input_file_ref idref="fl-3"/>
      </object_component>
      <object_component id="oc-1ec">
         <name>.debug_line</name>
         <load_address>0x5c4</load_address>
         <run_address>0x5c4</run_address>
         <size>0x58</size>
         <input_file_ref idref="fl-3"/>
      </object_component>
      <object_component id="oc-1d6">
         <name>.debug_line</name>
         <load_address>0x61c</load_address>
         <run_address>0x61c</run_address>
         <size>0x58</size>
         <input_file_ref idref="fl-3"/>
      </object_component>
      <object_component id="oc-1ee">
         <name>.debug_line</name>
         <load_address>0x674</load_address>
         <run_address>0x674</run_address>
         <size>0x58</size>
         <input_file_ref idref="fl-3"/>
      </object_component>
      <object_component id="oc-9a">
         <name>.debug_line</name>
         <load_address>0x6cc</load_address>
         <run_address>0x6cc</run_address>
         <size>0x942</size>
         <input_file_ref idref="fl-3"/>
      </object_component>
      <object_component id="oc-1f3">
         <name>.debug_line</name>
         <load_address>0x100e</load_address>
         <run_address>0x100e</run_address>
         <size>0x58</size>
         <input_file_ref idref="fl-3"/>
      </object_component>
      <object_component id="oc-d3">
         <name>.debug_line</name>
         <load_address>0x1066</load_address>
         <run_address>0x1066</run_address>
         <size>0x41</size>
         <input_file_ref idref="fl-4"/>
      </object_component>
      <object_component id="oc-34">
         <name>.debug_line</name>
         <load_address>0x10a7</load_address>
         <run_address>0x10a7</run_address>
         <size>0x41</size>
         <input_file_ref idref="fl-4"/>
      </object_component>
      <object_component id="oc-29">
         <name>.debug_line</name>
         <load_address>0x10e8</load_address>
         <run_address>0x10e8</run_address>
         <size>0xa1</size>
         <input_file_ref idref="fl-4"/>
      </object_component>
      <object_component id="oc-3f">
         <name>.debug_line</name>
         <load_address>0x1189</load_address>
         <run_address>0x1189</run_address>
         <size>0x20</size>
         <input_file_ref idref="fl-4"/>
      </object_component>
      <object_component id="oc-a2">
         <name>.debug_line</name>
         <load_address>0x11a9</load_address>
         <run_address>0x11a9</run_address>
         <size>0x65</size>
         <input_file_ref idref="fl-5"/>
      </object_component>
      <object_component id="oc-a8">
         <name>.debug_line</name>
         <load_address>0x120e</load_address>
         <run_address>0x120e</run_address>
         <size>0x4c</size>
         <input_file_ref idref="fl-6"/>
      </object_component>
      <object_component id="oc-137">
         <name>.debug_line</name>
         <load_address>0x125a</load_address>
         <run_address>0x125a</run_address>
         <size>0x8e</size>
         <input_file_ref idref="fl-c"/>
      </object_component>
      <object_component id="oc-10f">
         <name>.debug_line</name>
         <load_address>0x12e8</load_address>
         <run_address>0x12e8</run_address>
         <size>0x69</size>
         <input_file_ref idref="fl-c"/>
      </object_component>
      <object_component id="oc-1d2">
         <name>.debug_line</name>
         <load_address>0x1351</load_address>
         <run_address>0x1351</run_address>
         <size>0x82</size>
         <input_file_ref idref="fl-d"/>
      </object_component>
      <object_component id="oc-249">
         <name>.debug_line</name>
         <load_address>0x13d3</load_address>
         <run_address>0x13d3</run_address>
         <size>0x7d</size>
         <input_file_ref idref="fl-d"/>
      </object_component>
      <object_component id="oc-7d">
         <name>.debug_line</name>
         <load_address>0x1450</load_address>
         <run_address>0x1450</run_address>
         <size>0x92</size>
         <input_file_ref idref="fl-d"/>
      </object_component>
      <object_component id="oc-1fa">
         <name>.debug_line</name>
         <load_address>0x14e2</load_address>
         <run_address>0x14e2</run_address>
         <size>0x95</size>
         <input_file_ref idref="fl-d"/>
      </object_component>
      <object_component id="oc-158">
         <name>.debug_line</name>
         <load_address>0x1577</load_address>
         <run_address>0x1577</run_address>
         <size>0xd1</size>
         <input_file_ref idref="fl-d"/>
      </object_component>
      <object_component id="oc-164">
         <name>.debug_line</name>
         <load_address>0x1648</load_address>
         <run_address>0x1648</run_address>
         <size>0x93</size>
         <input_file_ref idref="fl-d"/>
      </object_component>
      <object_component id="oc-14c">
         <name>.debug_line</name>
         <load_address>0x16db</load_address>
         <run_address>0x16db</run_address>
         <size>0x99</size>
         <input_file_ref idref="fl-d"/>
      </object_component>
      <object_component id="oc-152">
         <name>.debug_line</name>
         <load_address>0x1774</load_address>
         <run_address>0x1774</run_address>
         <size>0x93</size>
         <input_file_ref idref="fl-d"/>
      </object_component>
      <object_component id="oc-77">
         <name>.debug_line</name>
         <load_address>0x1807</load_address>
         <run_address>0x1807</run_address>
         <size>0x92</size>
         <input_file_ref idref="fl-d"/>
      </object_component>
      <object_component id="oc-15f">
         <name>.debug_line</name>
         <load_address>0x1899</load_address>
         <run_address>0x1899</run_address>
         <size>0xa7</size>
         <input_file_ref idref="fl-d"/>
      </object_component>
      <object_component id="oc-243">
         <name>.debug_line</name>
         <load_address>0x1940</load_address>
         <run_address>0x1940</run_address>
         <size>0x7c</size>
         <input_file_ref idref="fl-e"/>
      </object_component>
      <object_component id="oc-245">
         <name>.debug_line</name>
         <load_address>0x19bc</load_address>
         <run_address>0x19bc</run_address>
         <size>0x82</size>
         <input_file_ref idref="fl-e"/>
      </object_component>
      <object_component id="oc-241">
         <name>.debug_line</name>
         <load_address>0x1a3e</load_address>
         <run_address>0x1a3e</run_address>
         <size>0x82</size>
         <input_file_ref idref="fl-e"/>
      </object_component>
      <object_component id="oc-1e5">
         <name>.debug_line</name>
         <load_address>0x1ac0</load_address>
         <run_address>0x1ac0</run_address>
         <size>0x97</size>
         <input_file_ref idref="fl-e"/>
      </object_component>
      <object_component id="oc-131">
         <name>.debug_line</name>
         <load_address>0x1b57</load_address>
         <run_address>0x1b57</run_address>
         <size>0x97</size>
         <input_file_ref idref="fl-e"/>
      </object_component>
      <object_component id="oc-120">
         <name>.debug_line</name>
         <load_address>0x1bee</load_address>
         <run_address>0x1bee</run_address>
         <size>0xaf</size>
         <input_file_ref idref="fl-e"/>
      </object_component>
      <object_component id="oc-126">
         <name>.debug_line</name>
         <load_address>0x1c9d</load_address>
         <run_address>0x1c9d</run_address>
         <size>0xc2</size>
         <input_file_ref idref="fl-e"/>
      </object_component>
      <object_component id="oc-12b">
         <name>.debug_line</name>
         <load_address>0x1d5f</load_address>
         <run_address>0x1d5f</run_address>
         <size>0xc2</size>
         <input_file_ref idref="fl-e"/>
      </object_component>
      <object_component id="oc-211">
         <name>.debug_line</name>
         <load_address>0x1e21</load_address>
         <run_address>0x1e21</run_address>
         <size>0x82</size>
         <input_file_ref idref="fl-f"/>
      </object_component>
      <object_component id="oc-af">
         <name>.debug_line</name>
         <load_address>0x1ea3</load_address>
         <run_address>0x1ea3</run_address>
         <size>0x95</size>
         <input_file_ref idref="fl-f"/>
      </object_component>
      <object_component id="oc-b5">
         <name>.debug_line</name>
         <load_address>0x1f38</load_address>
         <run_address>0x1f38</run_address>
         <size>0x96</size>
         <input_file_ref idref="fl-f"/>
      </object_component>
      <object_component id="oc-b8">
         <name>.debug_line</name>
         <load_address>0x1fce</load_address>
         <run_address>0x1fce</run_address>
         <size>0x95</size>
         <input_file_ref idref="fl-f"/>
      </object_component>
      <object_component id="oc-c0">
         <name>.debug_line</name>
         <load_address>0x2063</load_address>
         <run_address>0x2063</run_address>
         <size>0x92</size>
         <input_file_ref idref="fl-f"/>
      </object_component>
      <object_component id="oc-1d4">
         <name>.debug_line</name>
         <load_address>0x20f5</load_address>
         <run_address>0x20f5</run_address>
         <size>0x82</size>
         <input_file_ref idref="fl-10"/>
      </object_component>
      <object_component id="oc-24d">
         <name>.debug_line</name>
         <load_address>0x2177</load_address>
         <run_address>0x2177</run_address>
         <size>0x7d</size>
         <input_file_ref idref="fl-10"/>
      </object_component>
      <object_component id="oc-24f">
         <name>.debug_line</name>
         <load_address>0x21f4</load_address>
         <run_address>0x21f4</run_address>
         <size>0x7d</size>
         <input_file_ref idref="fl-10"/>
      </object_component>
      <object_component id="oc-178">
         <name>.debug_line</name>
         <load_address>0x2271</load_address>
         <run_address>0x2271</run_address>
         <size>0xa5</size>
         <input_file_ref idref="fl-10"/>
      </object_component>
      <object_component id="oc-84">
         <name>.debug_line</name>
         <load_address>0x2316</load_address>
         <run_address>0x2316</run_address>
         <size>0x92</size>
         <input_file_ref idref="fl-10"/>
      </object_component>
      <object_component id="oc-c6">
         <name>.debug_line</name>
         <load_address>0x23a8</load_address>
         <run_address>0x23a8</run_address>
         <size>0x99</size>
         <input_file_ref idref="fl-10"/>
      </object_component>
      <object_component id="oc-90">
         <name>.debug_line</name>
         <load_address>0x2441</load_address>
         <run_address>0x2441</run_address>
         <size>0x92</size>
         <input_file_ref idref="fl-10"/>
      </object_component>
      <object_component id="oc-8a">
         <name>.debug_line</name>
         <load_address>0x24d3</load_address>
         <run_address>0x24d3</run_address>
         <size>0x92</size>
         <input_file_ref idref="fl-10"/>
      </object_component>
      <object_component id="oc-20d">
         <name>.debug_line</name>
         <load_address>0x2565</load_address>
         <run_address>0x2565</run_address>
         <size>0x93</size>
         <input_file_ref idref="fl-10"/>
      </object_component>
      <object_component id="oc-207">
         <name>.debug_line</name>
         <load_address>0x25f8</load_address>
         <run_address>0x25f8</run_address>
         <size>0x96</size>
         <input_file_ref idref="fl-10"/>
      </object_component>
      <object_component id="oc-16c">
         <name>.debug_line</name>
         <load_address>0x268e</load_address>
         <run_address>0x268e</run_address>
         <size>0xb3</size>
         <input_file_ref idref="fl-10"/>
      </object_component>
      <object_component id="oc-96">
         <name>.debug_line</name>
         <load_address>0x2741</load_address>
         <run_address>0x2741</run_address>
         <size>0x93</size>
         <input_file_ref idref="fl-10"/>
      </object_component>
      <object_component id="oc-190">
         <name>.debug_line</name>
         <load_address>0x27d4</load_address>
         <run_address>0x27d4</run_address>
         <size>0x92</size>
         <input_file_ref idref="fl-c6"/>
      </object_component>
      <object_component id="oc-4f">
         <name>.debug_line</name>
         <load_address>0x2866</load_address>
         <run_address>0x2866</run_address>
         <size>0x56</size>
         <input_file_ref idref="fl-c6"/>
      </object_component>
      <object_component id="oc-f0">
         <name>.debug_line</name>
         <load_address>0x28bc</load_address>
         <run_address>0x28bc</run_address>
         <size>0x34</size>
         <input_file_ref idref="fl-c6"/>
      </object_component>
      <object_component id="oc-eb">
         <name>.debug_line</name>
         <load_address>0x28f0</load_address>
         <run_address>0x28f0</run_address>
         <size>0x20</size>
         <input_file_ref idref="fl-c7"/>
      </object_component>
      <object_component id="oc-1c">
         <name>.debug_line</name>
         <load_address>0x2910</load_address>
         <run_address>0x2910</run_address>
         <size>0x55</size>
         <input_file_ref idref="fl-c7"/>
      </object_component>
      <object_component id="oc-4a">
         <name>.debug_line</name>
         <load_address>0x2965</load_address>
         <run_address>0x2965</run_address>
         <size>0x3a</size>
         <input_file_ref idref="fl-c7"/>
      </object_component>
      <object_component id="oc-e8">
         <name>.debug_line</name>
         <load_address>0x299f</load_address>
         <run_address>0x299f</run_address>
         <size>0x92</size>
         <input_file_ref idref="fl-c7"/>
      </object_component>
      <object_component id="oc-189">
         <name>.debug_line</name>
         <load_address>0x2a31</load_address>
         <run_address>0x2a31</run_address>
         <size>0x20</size>
         <input_file_ref idref="fl-c8"/>
      </object_component>
      <object_component id="oc-17">
         <name>.debug_line</name>
         <load_address>0x2a51</load_address>
         <run_address>0x2a51</run_address>
         <size>0xa9</size>
         <input_file_ref idref="fl-c8"/>
      </object_component>
      <object_component id="oc-3a">
         <name>.debug_line</name>
         <load_address>0x2afa</load_address>
         <run_address>0x2afa</run_address>
         <size>0x3a</size>
         <input_file_ref idref="fl-c8"/>
      </object_component>
      <object_component id="oc-186">
         <name>.debug_line</name>
         <load_address>0x2b34</load_address>
         <run_address>0x2b34</run_address>
         <size>0x9a</size>
         <input_file_ref idref="fl-c8"/>
      </object_component>
      <object_component id="oc-e1">
         <name>.debug_line</name>
         <load_address>0x2bce</load_address>
         <run_address>0x2bce</run_address>
         <size>0x96</size>
         <input_file_ref idref="fl-c8"/>
      </object_component>
      <object_component id="oc-72">
         <name>.debug_line</name>
         <load_address>0x2c64</load_address>
         <run_address>0x2c64</run_address>
         <size>0x33</size>
         <input_file_ref idref="fl-c9"/>
      </object_component>
      <object_component id="oc-62">
         <name>.debug_line</name>
         <load_address>0x2c97</load_address>
         <run_address>0x2c97</run_address>
         <size>0x45</size>
         <input_file_ref idref="fl-c9"/>
      </object_component>
      <object_component id="oc-45">
         <name>.debug_line</name>
         <load_address>0x2cdc</load_address>
         <run_address>0x2cdc</run_address>
         <size>0x88</size>
         <input_file_ref idref="fl-ca"/>
      </object_component>
      <object_component id="oc-25f">
         <name>.debug_line</name>
         <load_address>0x2d64</load_address>
         <run_address>0x2d64</run_address>
         <size>0xbf</size>
         <input_file_ref idref="fl-cc"/>
      </object_component>
      <object_component id="oc-1a4">
         <name>.debug_line</name>
         <load_address>0x2e23</load_address>
         <run_address>0x2e23</run_address>
         <size>0x6f</size>
         <input_file_ref idref="fl-cc"/>
      </object_component>
      <object_component id="oc-263">
         <name>.debug_line</name>
         <load_address>0x2e92</load_address>
         <run_address>0x2e92</run_address>
         <size>0x2e</size>
         <input_file_ref idref="fl-cc"/>
      </object_component>
      <object_component id="oc-277">
         <name>.debug_line</name>
         <load_address>0x2ec0</load_address>
         <run_address>0x2ec0</run_address>
         <size>0x9a</size>
         <input_file_ref idref="fl-cc"/>
      </object_component>
      <object_component id="oc-268">
         <name>.debug_line</name>
         <load_address>0x2f5a</load_address>
         <run_address>0x2f5a</run_address>
         <size>0x97</size>
         <input_file_ref idref="fl-cc"/>
      </object_component>
      <object_component id="oc-26d">
         <name>.debug_line</name>
         <load_address>0x2ff1</load_address>
         <run_address>0x2ff1</run_address>
         <size>0x93</size>
         <input_file_ref idref="fl-cc"/>
      </object_component>
      <object_component id="oc-fb">
         <name>.debug_line</name>
         <load_address>0x3084</load_address>
         <run_address>0x3084</run_address>
         <size>0x40</size>
         <input_file_ref idref="fl-cd"/>
      </object_component>
      <object_component id="oc-197">
         <name>.debug_line</name>
         <load_address>0x30c4</load_address>
         <run_address>0x30c4</run_address>
         <size>0x3c</size>
         <input_file_ref idref="fl-cf"/>
      </object_component>
      <object_component id="oc-32">
         <name>.debug_frame</name>
         <load_address>0x0</load_address>
         <run_address>0x0</run_address>
         <size>0x88</size>
         <input_file_ref idref="fl-2"/>
      </object_component>
      <object_component id="oc-9d">
         <name>.debug_frame</name>
         <load_address>0x88</load_address>
         <run_address>0x88</run_address>
         <size>0x58c</size>
         <input_file_ref idref="fl-3"/>
      </object_component>
      <object_component id="oc-2a">
         <name>.debug_frame</name>
         <load_address>0x614</load_address>
         <run_address>0x614</run_address>
         <size>0x90</size>
         <input_file_ref idref="fl-4"/>
      </object_component>
      <object_component id="oc-a3">
         <name>.debug_frame</name>
         <load_address>0x6a4</load_address>
         <run_address>0x6a4</run_address>
         <size>0x70</size>
         <input_file_ref idref="fl-5"/>
      </object_component>
      <object_component id="oc-a9">
         <name>.debug_frame</name>
         <load_address>0x714</load_address>
         <run_address>0x714</run_address>
         <size>0x58</size>
         <input_file_ref idref="fl-6"/>
      </object_component>
      <object_component id="oc-138">
         <name>.debug_frame</name>
         <load_address>0x9c8</load_address>
         <run_address>0x9c8</run_address>
         <size>0x7f</size>
         <input_file_ref idref="fl-c"/>
      </object_component>
      <object_component id="oc-7c">
         <name>.debug_frame</name>
         <load_address>0xa47</load_address>
         <run_address>0xa47</run_address>
         <size>0x7f</size>
         <input_file_ref idref="fl-d"/>
      </object_component>
      <object_component id="oc-1f7">
         <name>.debug_frame</name>
         <load_address>0xac6</load_address>
         <run_address>0xac6</run_address>
         <size>0x7f</size>
         <input_file_ref idref="fl-d"/>
      </object_component>
      <object_component id="oc-157">
         <name>.debug_frame</name>
         <load_address>0xb45</load_address>
         <run_address>0xb45</run_address>
         <size>0x8f</size>
         <input_file_ref idref="fl-d"/>
      </object_component>
      <object_component id="oc-165">
         <name>.debug_frame</name>
         <load_address>0xbd4</load_address>
         <run_address>0xbd4</run_address>
         <size>0x86</size>
         <input_file_ref idref="fl-d"/>
      </object_component>
      <object_component id="oc-14b">
         <name>.debug_frame</name>
         <load_address>0xc5a</load_address>
         <run_address>0xc5a</run_address>
         <size>0x8a</size>
         <input_file_ref idref="fl-d"/>
      </object_component>
      <object_component id="oc-151">
         <name>.debug_frame</name>
         <load_address>0xce4</load_address>
         <run_address>0xce4</run_address>
         <size>0x86</size>
         <input_file_ref idref="fl-d"/>
      </object_component>
      <object_component id="oc-76">
         <name>.debug_frame</name>
         <load_address>0xd6a</load_address>
         <run_address>0xd6a</run_address>
         <size>0x7f</size>
         <input_file_ref idref="fl-d"/>
      </object_component>
      <object_component id="oc-15e">
         <name>.debug_frame</name>
         <load_address>0xde9</load_address>
         <run_address>0xde9</run_address>
         <size>0x86</size>
         <input_file_ref idref="fl-d"/>
      </object_component>
      <object_component id="oc-1e6">
         <name>.debug_frame</name>
         <load_address>0xe6f</load_address>
         <run_address>0xe6f</run_address>
         <size>0x7f</size>
         <input_file_ref idref="fl-e"/>
      </object_component>
      <object_component id="oc-132">
         <name>.debug_frame</name>
         <load_address>0xeee</load_address>
         <run_address>0xeee</run_address>
         <size>0x7f</size>
         <input_file_ref idref="fl-e"/>
      </object_component>
      <object_component id="oc-11f">
         <name>.debug_frame</name>
         <load_address>0xf6d</load_address>
         <run_address>0xf6d</run_address>
         <size>0x8e</size>
         <input_file_ref idref="fl-e"/>
      </object_component>
      <object_component id="oc-125">
         <name>.debug_frame</name>
         <load_address>0xffb</load_address>
         <run_address>0xffb</run_address>
         <size>0x7f</size>
         <input_file_ref idref="fl-e"/>
      </object_component>
      <object_component id="oc-12c">
         <name>.debug_frame</name>
         <load_address>0x107a</load_address>
         <run_address>0x107a</run_address>
         <size>0x7f</size>
         <input_file_ref idref="fl-e"/>
      </object_component>
      <object_component id="oc-ac">
         <name>.debug_frame</name>
         <load_address>0x10f9</load_address>
         <run_address>0x10f9</run_address>
         <size>0x7f</size>
         <input_file_ref idref="fl-f"/>
      </object_component>
      <object_component id="oc-b4">
         <name>.debug_frame</name>
         <load_address>0x1178</load_address>
         <run_address>0x1178</run_address>
         <size>0x86</size>
         <input_file_ref idref="fl-f"/>
      </object_component>
      <object_component id="oc-b9">
         <name>.debug_frame</name>
         <load_address>0x11fe</load_address>
         <run_address>0x11fe</run_address>
         <size>0x7f</size>
         <input_file_ref idref="fl-f"/>
      </object_component>
      <object_component id="oc-c1">
         <name>.debug_frame</name>
         <load_address>0x127d</load_address>
         <run_address>0x127d</run_address>
         <size>0x7f</size>
         <input_file_ref idref="fl-f"/>
      </object_component>
      <object_component id="oc-179">
         <name>.debug_frame</name>
         <load_address>0x12fc</load_address>
         <run_address>0x12fc</run_address>
         <size>0x7f</size>
         <input_file_ref idref="fl-10"/>
      </object_component>
      <object_component id="oc-85">
         <name>.debug_frame</name>
         <load_address>0x137b</load_address>
         <run_address>0x137b</run_address>
         <size>0x7f</size>
         <input_file_ref idref="fl-10"/>
      </object_component>
      <object_component id="oc-c7">
         <name>.debug_frame</name>
         <load_address>0x13fa</load_address>
         <run_address>0x13fa</run_address>
         <size>0x8a</size>
         <input_file_ref idref="fl-10"/>
      </object_component>
      <object_component id="oc-91">
         <name>.debug_frame</name>
         <load_address>0x1484</load_address>
         <run_address>0x1484</run_address>
         <size>0x7f</size>
         <input_file_ref idref="fl-10"/>
      </object_component>
      <object_component id="oc-8b">
         <name>.debug_frame</name>
         <load_address>0x1503</load_address>
         <run_address>0x1503</run_address>
         <size>0x7f</size>
         <input_file_ref idref="fl-10"/>
      </object_component>
      <object_component id="oc-20e">
         <name>.debug_frame</name>
         <load_address>0x1582</load_address>
         <run_address>0x1582</run_address>
         <size>0x7f</size>
         <input_file_ref idref="fl-10"/>
      </object_component>
      <object_component id="oc-208">
         <name>.debug_frame</name>
         <load_address>0x1601</load_address>
         <run_address>0x1601</run_address>
         <size>0x7f</size>
         <input_file_ref idref="fl-10"/>
      </object_component>
      <object_component id="oc-16d">
         <name>.debug_frame</name>
         <load_address>0x1680</load_address>
         <run_address>0x1680</run_address>
         <size>0x8a</size>
         <input_file_ref idref="fl-10"/>
      </object_component>
      <object_component id="oc-97">
         <name>.debug_frame</name>
         <load_address>0x170a</load_address>
         <run_address>0x170a</run_address>
         <size>0x7f</size>
         <input_file_ref idref="fl-10"/>
      </object_component>
      <object_component id="oc-50">
         <name>.debug_frame</name>
         <load_address>0x76c</load_address>
         <run_address>0x76c</run_address>
         <size>0x54</size>
         <input_file_ref idref="fl-c6"/>
      </object_component>
      <object_component id="oc-20">
         <name>.debug_frame</name>
         <load_address>0x7c0</load_address>
         <run_address>0x7c0</run_address>
         <size>0x54</size>
         <input_file_ref idref="fl-c7"/>
      </object_component>
      <object_component id="oc-1a">
         <name>.debug_frame</name>
         <load_address>0x814</load_address>
         <run_address>0x814</run_address>
         <size>0x60</size>
         <input_file_ref idref="fl-c8"/>
      </object_component>
      <object_component id="oc-60">
         <name>.debug_frame</name>
         <load_address>0x874</load_address>
         <run_address>0x874</run_address>
         <size>0x50</size>
         <input_file_ref idref="fl-c9"/>
      </object_component>
      <object_component id="oc-1a0">
         <name>.debug_frame</name>
         <load_address>0x8c4</load_address>
         <run_address>0x8c4</run_address>
         <size>0x5c</size>
         <input_file_ref idref="fl-cc"/>
      </object_component>
      <object_component id="oc-fa">
         <name>.debug_frame</name>
         <load_address>0x920</load_address>
         <run_address>0x920</run_address>
         <size>0x54</size>
         <input_file_ref idref="fl-cd"/>
      </object_component>
      <object_component id="oc-198">
         <name>.debug_frame</name>
         <load_address>0x974</load_address>
         <run_address>0x974</run_address>
         <size>0x54</size>
         <input_file_ref idref="fl-cf"/>
      </object_component>
      <object_component id="oc-219">
         <name>.debug_abbrev</name>
         <load_address>0x0</load_address>
         <run_address>0x0</run_address>
         <size>0xb3</size>
         <input_file_ref idref="fl-2"/>
      </object_component>
      <object_component id="oc-17b">
         <name>.debug_abbrev</name>
         <load_address>0xb3</load_address>
         <run_address>0xb3</run_address>
         <size>0x29</size>
         <input_file_ref idref="fl-2"/>
      </object_component>
      <object_component id="oc-cc">
         <name>.debug_abbrev</name>
         <load_address>0xdc</load_address>
         <run_address>0xdc</run_address>
         <size>0x8d</size>
         <input_file_ref idref="fl-2"/>
      </object_component>
      <object_component id="oc-d6">
         <name>.debug_abbrev</name>
         <load_address>0x169</load_address>
         <run_address>0x169</run_address>
         <size>0x69</size>
         <input_file_ref idref="fl-2"/>
      </object_component>
      <object_component id="oc-cf">
         <name>.debug_abbrev</name>
         <load_address>0x1d2</load_address>
         <run_address>0x1d2</run_address>
         <size>0x1f</size>
         <input_file_ref idref="fl-2"/>
      </object_component>
      <object_component id="oc-17f">
         <name>.debug_abbrev</name>
         <load_address>0x1f1</load_address>
         <run_address>0x1f1</run_address>
         <size>0x5c</size>
         <input_file_ref idref="fl-2"/>
      </object_component>
      <object_component id="oc-145">
         <name>.debug_abbrev</name>
         <load_address>0x24d</load_address>
         <run_address>0x24d</run_address>
         <size>0x24</size>
         <input_file_ref idref="fl-2"/>
      </object_component>
      <object_component id="oc-db">
         <name>.debug_abbrev</name>
         <load_address>0x271</load_address>
         <run_address>0x271</run_address>
         <size>0x24</size>
         <input_file_ref idref="fl-2"/>
      </object_component>
      <object_component id="oc-18c">
         <name>.debug_abbrev</name>
         <load_address>0x295</load_address>
         <run_address>0x295</run_address>
         <size>0x24</size>
         <input_file_ref idref="fl-2"/>
      </object_component>
      <object_component id="oc-21d">
         <name>.debug_abbrev</name>
         <load_address>0x2b9</load_address>
         <run_address>0x2b9</run_address>
         <size>0x33</size>
         <input_file_ref idref="fl-2"/>
      </object_component>
      <object_component id="oc-1ef">
         <name>.debug_abbrev</name>
         <load_address>0x2ec</load_address>
         <run_address>0x2ec</run_address>
         <size>0xb4</size>
         <input_file_ref idref="fl-3"/>
      </object_component>
      <object_component id="oc-1e9">
         <name>.debug_abbrev</name>
         <load_address>0x3a0</load_address>
         <run_address>0x3a0</run_address>
         <size>0x27</size>
         <input_file_ref idref="fl-3"/>
      </object_component>
      <object_component id="oc-1eb">
         <name>.debug_abbrev</name>
         <load_address>0x3c7</load_address>
         <run_address>0x3c7</run_address>
         <size>0x27</size>
         <input_file_ref idref="fl-3"/>
      </object_component>
      <object_component id="oc-1d5">
         <name>.debug_abbrev</name>
         <load_address>0x3ee</load_address>
         <run_address>0x3ee</run_address>
         <size>0x27</size>
         <input_file_ref idref="fl-3"/>
      </object_component>
      <object_component id="oc-1ed">
         <name>.debug_abbrev</name>
         <load_address>0x415</load_address>
         <run_address>0x415</run_address>
         <size>0x27</size>
         <input_file_ref idref="fl-3"/>
      </object_component>
      <object_component id="oc-142">
         <name>.debug_abbrev</name>
         <load_address>0x43c</load_address>
         <run_address>0x43c</run_address>
         <size>0x12e</size>
         <input_file_ref idref="fl-3"/>
      </object_component>
      <object_component id="oc-1f2">
         <name>.debug_abbrev</name>
         <load_address>0x56a</load_address>
         <run_address>0x56a</run_address>
         <size>0x38</size>
         <input_file_ref idref="fl-3"/>
      </object_component>
      <object_component id="oc-d2">
         <name>.debug_abbrev</name>
         <load_address>0x5a2</load_address>
         <run_address>0x5a2</run_address>
         <size>0x7c</size>
         <input_file_ref idref="fl-4"/>
      </object_component>
      <object_component id="oc-33">
         <name>.debug_abbrev</name>
         <load_address>0x61e</load_address>
         <run_address>0x61e</run_address>
         <size>0x29</size>
         <input_file_ref idref="fl-4"/>
      </object_component>
      <object_component id="oc-73">
         <name>.debug_abbrev</name>
         <load_address>0x647</load_address>
         <run_address>0x647</run_address>
         <size>0x79</size>
         <input_file_ref idref="fl-4"/>
      </object_component>
      <object_component id="oc-3e">
         <name>.debug_abbrev</name>
         <load_address>0x6c0</load_address>
         <run_address>0x6c0</run_address>
         <size>0x1f</size>
         <input_file_ref idref="fl-4"/>
      </object_component>
      <object_component id="oc-15b">
         <name>.debug_abbrev</name>
         <load_address>0x6df</load_address>
         <run_address>0x6df</run_address>
         <size>0x5e</size>
         <input_file_ref idref="fl-5"/>
      </object_component>
      <object_component id="oc-16e">
         <name>.debug_abbrev</name>
         <load_address>0x73d</load_address>
         <run_address>0x73d</run_address>
         <size>0x5e</size>
         <input_file_ref idref="fl-6"/>
      </object_component>
      <object_component id="oc-1e8">
         <name>.debug_abbrev</name>
         <load_address>0x79b</load_address>
         <run_address>0x79b</run_address>
         <size>0x50</size>
         <input_file_ref idref="fl-c"/>
      </object_component>
      <object_component id="oc-10e">
         <name>.debug_abbrev</name>
         <load_address>0x7eb</load_address>
         <run_address>0x7eb</run_address>
         <size>0x35</size>
         <input_file_ref idref="fl-c"/>
      </object_component>
      <object_component id="oc-1d1">
         <name>.debug_abbrev</name>
         <load_address>0x820</load_address>
         <run_address>0x820</run_address>
         <size>0x72</size>
         <input_file_ref idref="fl-d"/>
      </object_component>
      <object_component id="oc-248">
         <name>.debug_abbrev</name>
         <load_address>0x892</load_address>
         <run_address>0x892</run_address>
         <size>0x27</size>
         <input_file_ref idref="fl-d"/>
      </object_component>
      <object_component id="oc-112">
         <name>.debug_abbrev</name>
         <load_address>0x8b9</load_address>
         <run_address>0x8b9</run_address>
         <size>0x6c</size>
         <input_file_ref idref="fl-d"/>
      </object_component>
      <object_component id="oc-247">
         <name>.debug_abbrev</name>
         <load_address>0x925</load_address>
         <run_address>0x925</run_address>
         <size>0x6c</size>
         <input_file_ref idref="fl-d"/>
      </object_component>
      <object_component id="oc-1fd">
         <name>.debug_abbrev</name>
         <load_address>0x991</load_address>
         <run_address>0x991</run_address>
         <size>0x6c</size>
         <input_file_ref idref="fl-d"/>
[...]
            </allocated_space>
            <available_space>
               <start_address>0x20000470</start_address>
               <size>0x7b90</size>
            </available_space>
         </usage_details>
      </memory_area>
   </placement_map>
   <cptbl_list>
      <cptbl>
         <name>__TI_cinit_table</name>
         <cprec>
            <name>.vtable</name>
            <load_address>0x1c50</load_address>
            <load_size>0x8</load_size>
            <run_address>0x20000000</run_address>
            <run_size>0x26c</run_size>
            <compression>zero_init</compression>
         </cprec>
         <cprec>
            <name>.data</name>
            <load_address>0x1c58</load_address>
            <load_size>0x5</load_size>
            <run_address>0x2000026c</run_address>
            <run_size>0x1</run_size>
            <compression>lzss</compression>
         </cprec>
      </cptbl>
   </cptbl_list>
   <handler_table>
      <handler_table_name>__TI_handler_table</handler_table_name>
      <handler>
         <index>0x0</index>
         <name>__TI_zero_init</name>
      </handler>
      <handler>
         <index>0x1</index>
         <name>__TI_decompress_lzss</name>
      </handler>
      <handler>
         <index>0x2</index>
         <name>__TI_decompress_none</name>
      </handler>
   </handler_table>
   <symbol_table>
      <symbol id="sm-1">
         <name>__STACK_TOP</name>
         <value>0x20000470</value>
      </symbol>
      <symbol id="sm-2">
         <name>__start___llvm_prf_cnts</name>
         <value>0x20000000</value>
      </symbol>
      <symbol id="sm-3">
         <name>__stop___llvm_prf_cnts</name>
         <value>0x20000000</value>
      </symbol>
      <symbol id="sm-4">
         <name>__TI_CINIT_Base</name>
         <value>0x1c60</value>
      </symbol>
      <symbol id="sm-5">
         <name>__TI_CINIT_Limit</name>
         <value>0x1c70</value>
      </symbol>
      <symbol id="sm-6">
         <name>__TI_Handler_Table_Base</name>
         <value>0x1c40</value>
      </symbol>
      <symbol id="sm-7">
         <name>__TI_Handler_Table_Limit</name>
         <value>0x1c4c</value>
      </symbol>
      <symbol id="sm-8">
         <name>binit</name>
         <value>0xffffffff</value>
      </symbol>
      <symbol id="sm-9">
         <name>__binit__</name>
         <value>0xffffffff</value>
      </symbol>
      <symbol id="sm-a">
         <name>__STACK_SIZE</name>
         <value>0x200</value>
      </symbol>
      <symbol id="sm-b">
         <name>__STACK_END</name>
         <value>0x20000470</value>
      </symbol>
      <symbol id="sm-c">
         <name>__c_args__</name>
         <value>0xffffffff</value>
      </symbol>
      <symbol id="sm-d">
         <name>__TI_pprof_out_hndl</name>
         <value>0xffffffff</value>
      </symbol>
      <symbol id="sm-e">
         <name>__TI_prof_data_start</name>
         <value>0xffffffff</value>
      </symbol>
      <symbol id="sm-f">
         <name>__TI_prof_data_size</name>
         <value>0xffffffff</value>
      </symbol>
      <symbol id="sm-6b">
         <name>UARTInt_Handler</name>
         <value>0x129d</value>
         <object_component_ref idref="oc-2d"/>
      </symbol>
      <symbol id="sm-6c">
         <name>SysTick_ISR</name>
         <value>0x1285</value>
         <object_component_ref idref="oc-2d"/>
      </symbol>
      <symbol id="sm-6d">
         <name>i</name>
         <value>0x2000026c</value>
         <object_component_ref idref="oc-c9"/>
      </symbol>
      <symbol id="sm-6e">
         <name>main</name>
         <value>0x12fb</value>
         <object_component_ref idref="oc-2d"/>
      </symbol>
      <symbol id="sm-19f">
         <name>SysCtlGPIOAHBEnable</name>
         <value>0x1033</value>
         <object_component_ref idref="oc-98"/>
      </symbol>
      <symbol id="sm-1a0">
         <name>SysCtlIntRegister</name>
         <value>0x6f5</value>
         <object_component_ref idref="oc-98"/>
      </symbol>
      <symbol id="sm-1a1">
         <name>SysCtlFlashSizeGet</name>
         <value>0x337</value>
         <object_component_ref idref="oc-98"/>
      </symbol>
      <symbol id="sm-1a2">
         <name>SysCtlPeripheralDeepSleepEnable</name>
         <value>0x609</value>
         <object_component_ref idref="oc-98"/>
      </symbol>
      <symbol id="sm-1a3">
         <name>SysCtlLDODeepSleepGet</name>
         <value>0x79b</value>
         <object_component_ref idref="oc-98"/>
      </symbol>
      <symbol id="sm-1a4">
         <name>SysCtlFlashSectorSizeGet</name>
         <value>0x363</value>
         <object_component_ref idref="oc-98"/>
      </symbol>
      <symbol id="sm-1a5">
         <name>SysCtlIntDisable</name>
         <value>0x731</value>
         <object_component_ref idref="oc-98"/>
      </symbol>
      <symbol id="sm-1a6">
         <name>SysCtlResetBehaviorGet</name>
         <value>0x881</value>
         <object_component_ref idref="oc-98"/>
      </symbol>
      <symbol id="sm-1a7">
         <name>SysCtlPeripheralPresent</name>
         <value>0x389</value>
         <object_component_ref idref="oc-98"/>
      </symbol>
      <symbol id="sm-1a8">
         <name>SysCtlDeepSleepClockSet</name>
         <value>0xf5b</value>
         <object_component_ref idref="oc-98"/>
      </symbol>
      <symbol id="sm-1a9">
         <name>SysCtlClockSet</name>
         <value>0xbed</value>
         <object_component_ref idref="oc-98"/>
      </symbol>
      <symbol id="sm-1aa">
         <name>SysCtlAltClkConfig</name>
         <value>0x10f5</value>
         <object_component_ref idref="oc-98"/>
      </symbol>
      <symbol id="sm-1ab">
         <name>SysCtlPeripheralClockGating</name>
         <value>0x6a1</value>
         <object_component_ref idref="oc-98"/>
      </symbol>
      <symbol id="sm-1ac">
         <name>SysCtlIntStatus</name>
         <value>0x759</value>
         <object_component_ref idref="oc-98"/>
      </symbol>
      <symbol id="sm-1ad">
         <name>SysCtlIntClear</name>
         <value>0x749</value>
         <object_component_ref idref="oc-98"/>
      </symbol>
      <symbol id="sm-1ae">
         <name>SysCtlVoltageEventStatus</name>
         <value>0x1099</value>
         <object_component_ref idref="oc-98"/>
      </symbol>
      <symbol id="sm-1af">
         <name>SysCtlVoltageEventConfig</name>
         <value>0x1089</value>
         <object_component_ref idref="oc-98"/>
      </symbol>
      <symbol id="sm-1b0">
         <name>SysCtlResetCauseGet</name>
         <value>0x7f1</value>
         <object_component_ref idref="oc-98"/>
      </symbol>
      <symbol id="sm-1b1">
         <name>SysCtlSleep</name>
         <value>0x7cd</value>
         <object_component_ref idref="oc-98"/>
      </symbol>
      <symbol id="sm-1b2">
         <name>SysCtlPWMClockGet</name>
         <value>0x101d</value>
         <object_component_ref idref="oc-98"/>
      </symbol>
      <symbol id="sm-1b3">
         <name>SysCtlDeepSleepPowerSet</name>
         <value>0x7b5</value>
         <object_component_ref idref="oc-98"/>
      </symbol>
      <symbol id="sm-1b4">
         <name>SysCtlClockOutConfig</name>
         <value>0x10d9</value>
         <object_component_ref idref="oc-98"/>
      </symbol>
      <symbol id="sm-1b5">
         <name>SysCtlNMIStatus</name>
         <value>0x10b9</value>
         <object_component_ref idref="oc-98"/>
      </symbol>
      <symbol id="sm-1b6">
         <name>SysCtlDeepSleepClockConfigSet</name>
         <value>0xf79</value>
         <object_component_ref idref="oc-98"/>
      </symbol>
      <symbol id="sm-1b7">
         <name>SysCtlDelay</name>
         <value>0x18e7</value>
         <object_component_ref idref="oc-c8"/>
      </symbol>
      <symbol id="sm-1b8">
         <name>SysCtlVoltageEventClear</name>
         <value>0x10a5</value>
         <object_component_ref idref="oc-98"/>
      </symbol>
      <symbol id="sm-1b9">
         <name>SysCtlLDOSleepSet</name>
         <value>0x775</value>
         <object_component_ref idref="oc-98"/>
      </symbol>
      <symbol id="sm-1ba">
         <name>SysCtlMOSCConfigSet</name>
         <value>0x80b</value>
         <object_component_ref idref="oc-98"/>
      </symbol>
      <symbol id="sm-1bb">
         <name>SysCtlPeripheralEnable</name>
         <value>0x509</value>
         <object_component_ref idref="oc-98"/>
      </symbol>
      <symbol id="sm-1bc">
         <name>SysCtlIntEnable</name>
         <value>0x71d</value>
         <object_component_ref idref="oc-98"/>
      </symbol>
      <symbol id="sm-1bd">
         <name>SysCtlNMIClear</name>
         <value>0x10c5</value>
         <object_component_ref idref="oc-98"/>
      </symbol>
      <symbol id="sm-1be">
         <name>SysCtlPeripheralPowerOff</name>
         <value>0x445</value>
         <object_component_ref idref="oc-98"/>
      </symbol>
      <symbol id="sm-1bf">
         <name>SysCtlSleepPowerSet</name>
         <value>0x7a1</value>
         <object_component_ref idref="oc-98"/>
      </symbol>
      <symbol id="sm-1c0">
         <name>SysCtlDeepSleep</name>
         <value>0x7d5</value>
         <object_component_ref idref="oc-98"/>
      </symbol>
      <symbol id="sm-1c1">
         <name>SysCtlLDODeepSleepSet</name>
         <value>0x78b</value>
         <object_component_ref idref="oc-98"/>
      </symbol>
      <symbol id="sm-1c2">
         <name>SysCtlPeripheralPowerOn</name>
         <value>0x409</value>
         <object_component_ref idref="oc-98"/>
      </symbol>
      <symbol id="sm-1c3">
         <name>SysCtlPeripheralDeepSleepDisable</name>
         <value>0x659</value>
         <object_component_ref idref="oc-98"/>
      </symbol>
      <symbol id="sm-1c4">
         <name>SysCtlPeripheralSleepDisable</name>
         <value>0x5cd</value>
         <object_component_ref idref="oc-98"/>
      </symbol>
      <symbol id="sm-1c5">
         <name>SysCtlResetBehaviorSet</name>
         <value>0x871</value>
         <object_component_ref idref="oc-98"/>
      </symbol>
      <symbol id="sm-1c6">
         <name>SysCtlReset</name>
         <value>0x7c5</value>
         <object_component_ref idref="oc-98"/>
      </symbol>
      <symbol id="sm-1c7">
         <name>SysCtlGPIOAHBDisable</name>
         <value>0x104f</value>
         <object_component_ref idref="oc-98"/>
      </symbol>
      <symbol id="sm-1c8">
         <name>SysCtlSRAMSizeGet</name>
         <value>0x32d</value>
         <object_component_ref idref="oc-98"/>
      </symbol>
      <symbol id="sm-1c9">
         <name>SysCtlClockGet</name>
         <value>0xdb9</value>
         <object_component_ref idref="oc-98"/>
      </symbol>
      <symbol id="sm-1ca">
         <name>SysCtlPeripheralDisable</name>
         <value>0x545</value>
         <object_component_ref idref="oc-98"/>
      </symbol>
      <symbol id="sm-1cb">
         <name>SysCtlPWMClockSet</name>
         <value>0x1003</value>
         <object_component_ref idref="oc-98"/>
      </symbol>
      <symbol id="sm-1cc">
         <name>SysCtlUSBPLLEnable</name>
         <value>0x106b</value>
         <object_component_ref idref="oc-98"/>
      </symbol>
      <symbol id="sm-1cd">
         <name>SysCtlPeripheralSleepEnable</name>
         <value>0x589</value>
         <object_component_ref idref="oc-98"/>
      </symbol>
      <symbol id="sm-1ce">
         <name>SysCtlIntUnregister</name>
         <value>0x70d</value>
         <object_component_ref idref="oc-98"/>
      </symbol>
      <symbol id="sm-1cf">
         <name>SysCtlUSBPLLDisable</name>
         <value>0x1077</value>
         <object_component_ref idref="oc-98"/>
      </symbol>
      <symbol id="sm-1d0">
         <name>SysCtlPeripheralReady</name>
         <value>0x3c9</value>
         <object_component_ref idref="oc-98"/>
      </symbol>
      <symbol id="sm-1d1">
         <name>SysCtlPIOSCCalibrate</name>
         <value>0x821</value>
         <object_component_ref idref="oc-98"/>
      </symbol>
      <symbol id="sm-1d2">
         <name>SysCtlResetCauseClear</name>
         <value>0x7f7</value>
         <object_component_ref idref="oc-98"/>
      </symbol>
      <symbol id="sm-1d3">
         <name>SysCtlLDOSleepGet</name>
         <value>0x785</value>
         <object_component_ref idref="oc-98"/>
      </symbol>
      <symbol id="sm-1d4">
         <name>SysCtlClockFreqSet</name>
         <value>0x8d5</value>
         <object_component_ref idref="oc-98"/>
      </symbol>
      <symbol id="sm-1d5">
         <name>SysCtlPeripheralReset</name>
         <value>0x481</value>
         <object_component_ref idref="oc-98"/>
      </symbol>
      <symbol id="sm-1f6">
         <name>ResetISR</name>
         <value>0x18b3</value>
         <object_component_ref idref="oc-27"/>
      </symbol>
      <symbol id="sm-1f7">
         <name>g_pfnVectors</name>
         <value>0x0</value>
         <object_component_ref idref="oc-12"/>
      </symbol>
      <symbol id="sm-208">
         <name>Config_SW</name>
         <value>0x1565</value>
         <object_component_ref idref="oc-9e"/>
      </symbol>
      <symbol id="sm-209">
         <name>Config_Led</name>
         <value>0x1549</value>
         <object_component_ref idref="oc-9e"/>
      </symbol>
      <symbol id="sm-217">
         <name>Config_UART</name>
         <value>0x15f1</value>
         <object_component_ref idref="oc-a4"/>
      </symbol>
      <symbol id="sm-226">
         <name>CPUwfi</name>
         <value>0x18ed</value>
         <object_component_ref idref="oc-133"/>
      </symbol>
      <symbol id="sm-278">
         <name>GPIOPinConfigure</name>
         <value>0x15a9</value>
         <object_component_ref idref="oc-15c"/>
      </symbol>
      <symbol id="sm-279">
         <name>GPIOPinTypeGPIOInput</name>
         <value>0x1871</value>
         <object_component_ref idref="oc-14f"/>
      </symbol>
      <symbol id="sm-27a">
         <name>GPIOPinTypeUART</name>
         <value>0x1883</value>
         <object_component_ref idref="oc-162"/>
      </symbol>
      <symbol id="sm-27b">
         <name>GPIOPinTypeGPIOOutput</name>
         <value>0x17f1</value>
         <object_component_ref idref="oc-149"/>
      </symbol>
      <symbol id="sm-27c">
         <name>GPIOPinRead</name>
         <value>0x18db</value>
         <object_component_ref idref="oc-74"/>
      </symbol>
      <symbol id="sm-27d">
         <name>GPIODirModeSet</name>
         <value>0x176d</value>
         <object_component_ref idref="oc-1f5"/>
      </symbol>
      <symbol id="sm-27e">
         <name>GPIOPinWrite</name>
         <value>0x18e1</value>
         <object_component_ref idref="oc-7a"/>
      </symbol>
      <symbol id="sm-27f">
         <name>GPIOPadConfigSet</name>
         <value>0x1151</value>
         <object_component_ref idref="oc-155"/>
      </symbol>
      <symbol id="sm-2e0">
         <name>IntEnable</name>
         <value>0x1479</value>
         <object_component_ref idref="oc-121"/>
      </symbol>
      <symbol id="sm-2e1">
         <name>IntDisable</name>
         <value>0x1411</value>
         <object_component_ref idref="oc-127"/>
      </symbol>
      <symbol id="sm-2e2">
         <name>IntRegister</name>
         <value>0x1705</value>
         <object_component_ref idref="oc-11b"/>
      </symbol>
      <symbol id="sm-2e3">
         <name>IntUnregister</name>
         <value>0x1821</value>
         <object_component_ref idref="oc-12d"/>
      </symbol>
      <symbol id="sm-2e4">
         <name>g_pfnRAMVectors</name>
         <value>0x20000000</value>
         <object_component_ref idref="oc-1d7"/>
      </symbol>
      <symbol id="sm-311">
         <name>SysTickEnable</name>
         <value>0x1835</value>
         <object_component_ref idref="oc-bc"/>
      </symbol>
      <symbol id="sm-312">
         <name>SysTickIntRegister</name>
         <value>0x17b9</value>
         <object_component_ref idref="oc-b0"/>
      </symbol>
      <symbol id="sm-313">
         <name>SysTickIntEnable</name>
         <value>0x1849</value>
         <object_component_ref idref="oc-b6"/>
      </symbol>
      <symbol id="sm-314">
         <name>SysTickPeriodSet</name>
         <value>0x1895</value>
         <object_component_ref idref="oc-aa"/>
      </symbol>
      <symbol id="sm-37d">
         <name>UARTConfigSetExpClk</name>
         <value>0x1639</value>
         <object_component_ref idref="oc-168"/>
      </symbol>
      <symbol id="sm-37e">
         <name>UARTDisable</name>
         <value>0x1799</value>
         <object_component_ref idref="oc-203"/>
      </symbol>
      <symbol id="sm-37f">
         <name>UARTIntEnable</name>
         <value>0x18d3</value>
         <object_component_ref idref="oc-8c"/>
      </symbol>
      <symbol id="sm-380">
         <name>UARTEnable</name>
         <value>0x185d</value>
         <object_component_ref idref="oc-209"/>
      </symbol>
      <symbol id="sm-381">
         <name>UARTIntClear</name>
         <value>0x18f1</value>
         <object_component_ref idref="oc-86"/>
      </symbol>
      <symbol id="sm-382">
         <name>UARTIntStatus</name>
         <value>0x18c9</value>
         <object_component_ref idref="oc-80"/>
      </symbol>
      <symbol id="sm-383">
         <name>UARTCharGet</name>
         <value>0x18bf</value>
         <object_component_ref idref="oc-92"/>
      </symbol>
      <symbol id="sm-384">
         <name>UARTIntRegister</name>
         <value>0x1809</value>
         <object_component_ref idref="oc-c2"/>
      </symbol>
      <symbol id="sm-398">
         <name>__TI_zero_init_nomemset</name>
         <value>0x17d5</value>
         <object_component_ref idref="oc-4d"/>
      </symbol>
      <symbol id="sm-3af">
         <name>__TI_decompress_none</name>
         <value>0x18a5</value>
         <object_component_ref idref="oc-1b"/>
      </symbol>
      <symbol id="sm-3d2">
         <name>__TI_decompress_lzss</name>
         <value>0x14e1</value>
         <object_component_ref idref="oc-15"/>
      </symbol>
      <symbol id="sm-3e5">
         <name>__stack</name>
         <value>0x20000270</value>
         <object_component_ref idref="oc-24"/>
      </symbol>
      <symbol id="sm-3e6">
         <name>_c_int00_noargs</name>
         <value>0x1739</value>
         <object_component_ref idref="oc-5f"/>
      </symbol>
      <symbol id="sm-401">
         <name>memcpy</name>
         <value>0x1375</value>
         <object_component_ref idref="oc-41"/>
      </symbol>
      <symbol id="sm-402">
         <name>__aeabi_memcpy</name>
         <value>0x1375</value>
         <object_component_ref idref="oc-41"/>
      </symbol>
      <symbol id="sm-403">
         <name>__aeabi_memcpy8</name>
         <value>0x1375</value>
         <object_component_ref idref="oc-41"/>
      </symbol>
      <symbol id="sm-404">
         <name>__aeabi_memcpy4</name>
         <value>0x1375</value>
         <object_component_ref idref="oc-41"/>
      </symbol>
      <symbol id="sm-42d">
         <name>__TI_auto_init_nobinit_nopinit</name>
         <value>0x1681</value>
         <object_component_ref idref="oc-19f"/>
      </symbol>
      <symbol id="sm-437">
         <name>_system_pre_init</name>
         <value>0x18f5</value>
         <object_component_ref idref="oc-f9"/>
      </symbol>
      <symbol id="sm-443">
         <name>C$$EXIT</name>
         <value>0x18f9</value>
         <object_component_ref idref="oc-193"/>
      </symbol>
      <symbol id="sm-444">
         <name>abort</name>
         <value>0x18f9</value>
         <object_component_ref idref="oc-193"/>
      </symbol>
      <symbol id="sm-447">
         <name>__TI_static_base__</name>
         <value>0x0</value>
      </symbol>
      <symbol id="sm-44a">
         <name>__mpu_init</name>
         <value>0x0</value>
      </symbol>
      <symbol id="sm-44b">
         <name>_system_post_cinit</name>
         <value>0x0</value>
      </symbol>
   </symbol_table>
   <title>Link successful</title>
</link_info>
