15:20:27 **** Incremental Build of configuration Debug for project Ex2 ****
make -j8 all 
arm-none-eabi-gcc "../Core/Src/State.c" -mcpu=cortex-m4 -std=gnu11 -g3 -DDEBUG -DUSE_HAL_DRIVER -DSTM32F411xE -c -I../Core/Inc -I../Drivers/STM32F4xx_HAL_Driver/Inc -I../Drivers/STM32F4xx_HAL_Driver/Inc/Legacy -I../Drivers/CMSIS/Device/ST/STM32F4xx/Include -I../Drivers/CMSIS/Include -O0 -ffunction-sections -fdata-sections -Wall -fstack-usage -MMD -MP -MF"Core/Src/State.d" -MT"Core/Src/State.o" --specs=nano.specs -mfpu=fpv4-sp-d16 -mfloat-abi=hard -mthumb -o "Core/Src/State.o"
arm-none-eabi-gcc -o "Ex2.elf" @"objects.list"   -mcpu=cortex-m4 -T"D:\HCMUT\HT nhung\BT EL\Ex4\Ex2\STM32F411VETX_FLASH.ld" --specs=nosys.specs -Wl,-Map="Ex2.map" -Wl,--gc-sections -static --specs=nano.specs -mfpu=fpv4-sp-d16 -mfloat-abi=hard -mthumb -Wl,--start-group -lc -lm -Wl,--end-group
Finished building target: Ex2.elf
 
arm-none-eabi-size   Ex2.elf 
arm-none-eabi-objdump -h -S  Ex2.elf  > "Ex2.list"
arm-none-eabi-objcopy  -O binary  Ex2.elf  "Ex2.bin"
   text	   data	    bss	    dec	    hex	filename
   6392	     20	   1580	   7992	   1f38	Ex2.elf
Finished building: default.size.stdout
 
Finished building: Ex2.bin
 
Finished building: Ex2.list
 

15:20:27 Build Finished. 0 errors, 0 warnings. (took 814ms)

